 ionort_discrete_grid_wf

 Timestamp is 5cf45887 (Sun Jun 02 19:15:19 2019)

 Preferred load address is 00400000

 Start         Length     Name                   Class
 0001:00000000 000480d2H .text                   CODE
 0002:00000000 00000140H .idata$5                DATA
 0002:00000140 00002f18H .rdata                  DATA
 0002:00003058 00000028H .idata$2                DATA
 0002:00003080 00000014H .idata$3                DATA
 0002:00003094 00000140H .idata$4                DATA
 0002:000031d4 000005a6H .idata$6                DATA
 0002:0000377a 00000000H .edata                  DATA
 0003:00000000 00000004H .CRT$XCA                DATA
 0003:00000004 00000000H .CRT$XCU                DATA
 0003:00000004 00000004H .CRT$XCZ                DATA
 0003:00000008 00000004H .CRT$XIA                DATA
 0003:0000000c 00000008H .CRT$XIC                DATA
 0003:00000014 00000004H .CRT$XIZ                DATA
 0003:00000018 00000004H .CRT$XPA                DATA
 0003:0000001c 0000000cH .CRT$XPX                DATA
 0003:00000028 00000004H .CRT$XPZ                DATA
 0003:0000002c 00000004H .CRT$XTA                DATA
 0003:00000030 00000004H .CRT$XTZ                DATA
 0003:00000040 000175e0H .data                   DATA
 0003:00017620 00129b88H .bss                    DATA

  Address         Publics by Value              Rva+Base     Lib:Object

 0001:00000000       _MAIN__                    00403000 f   ionort_discrete_grid_wf.obj
 0001:00000b00       _readw_                    00403b00 f   ionort_discrete_grid_wf.obj
 0001:00000b70       _gridprofiles_             00403b70 f   ionort_discrete_grid_wf.obj
 0001:00000d40       _trace_                    00403d40 f   ionort_discrete_grid_wf.obj
 0001:00001740       _reach_                    00404740 f   ionort_discrete_grid_wf.obj
 0001:00001ee0       _backup_                   00404ee0 f   ionort_discrete_grid_wf.obj
 0001:00002140       _graze_                    00405140 f   ionort_discrete_grid_wf.obj
 0001:000023b0       _polcar_                   004053b0 f   ionort_discrete_grid_wf.obj
 0001:00002500       _carpol_                   00405500 f   ionort_discrete_grid_wf.obj
 0001:00002690       _rkam_                     00405690 f   ionort_discrete_grid_wf.obj
 0001:00003590       _hamltn_                   00406590 f   ionort_discrete_grid_wf.obj
 0001:00003800       _rindex_                   00406800 f   ionort_discrete_grid_wf.obj
 0001:00003e90       _magy_                     00406e90 f   ionort_discrete_grid_wf.obj
 0001:00003fb0       _electx_                   00406fb0 f   ionort_discrete_grid_wf.obj
 0001:000044d0       _latlon_                   004074d0 f   ionort_discrete_grid_wf.obj
 0001:00004620       _polcoe_                   00407620 f   ionort_discrete_grid_wf.obj
 0001:000048e0       _elect1_                   004078e0 f   ionort_discrete_grid_wf.obj
 0001:00004900       _zero_                     00407900 f   ionort_discrete_grid_wf.obj
 0001:00004930       _g_acos                    00407930 f   fj90g:jwe_gacs.obj
 0001:00004ac0       _g_asin                    00407ac0 f   fj90g:jwe_gasn.obj
 0001:00004cb0       _jwe_iocf                  00407cb0 f   fj90i:jwe_iocf.obj
 0001:00007480       _jwe_ifac                  0040a480 f   fj90i:jwe_iocf.obj
 0001:00007690       _jwe_isfm                  0040a690 f   fj90i:jwe_isfm.obj
 0001:00007f20       _jwe_ilst                  0040af20 f   fj90i:jwe_ilst.obj
 0001:000084e0       _jwe_xopt                  0040b4e0 f   fj90i:jwe_xopt.obj
 0001:000094a0       _jwe_xcop                  0040c4a0 f   fj90i:jwe_xopt.obj
 0001:00009700       _jwe_xrcp                  0040c700 f   fj90i:jwe_xopt.obj
 0001:00009710       _jwe_xstp                  0040c710 f   fj90i:jwe_xstp.obj
 0001:00009860       _jwe_xilc                  0040c860 f   fj90i:jwe_xilc.obj
 0001:000098a0       _jwe_isui                  0040c8a0 f   fj90i:jwe_isui.obj
 0001:000099d0       _jwe_isu1                  0040c9d0 f   fj90i:jwe_isui.obj
 0001:00009a80       _jwe_icep                  0040ca80 f   fj90i:jwe_icep.obj
 0001:00009b40       _jwe_icui                  0040cb40 f   fj90i:jwe_icui.obj
 0001:00009fb0       _jwe_iist                  0040cfb0 f   fj90i:jwe_icui.obj
 0001:0000a000       _jwe_xint                  0040d000 f   fj90i:jwe_xint.obj
 0001:0000a080       _jwe_ifcf                  0040d080 f   fj90i:jwe_ifcf.obj
 0001:0000a200       _jwe_ifcc                  0040d200 f   fj90i:jwe_ifcc.obj
 0001:0000a2c0       _jwe_iflc                  0040d2c0 f   fj90i:jwe_iflc.obj
 0001:0000a520       _jwe_iflo                  0040d520 f   fj90i:jwe_iflo.obj
 0001:0000a5b0       _jwe_ienv                  0040d5b0 f   fj90i:jwe_ienv.obj
 0001:0000a730       _jwe_isss                  0040d730 f   fj90i:jwe_isss.obj
 0001:0000a740       _jwe_ifnc                  0040d740 f   fj90i:jwe_ifnc.obj
 0001:0000a9f0       _jwe_ifck                  0040d9f0 f   fj90i:jwe_ifck.obj
 0001:0000aac0       _jwe_igfn                  0040dac0 f   fj90i:jwe_igfn.obj
 0001:0000ab70       _jwe_iftx                  0040db70 f   fj90i:jwe_iftx.obj
 0001:0000acd0       _jwe_ifct                  0040dcd0 f   fj90i:jwe_ifct.obj
 0001:0000cdf0       _jwe_igad                  0040fdf0 f   fj90i:jwe_igad.obj
 0001:0000ce10       _jwe_isob                  0040fe10 f   fj90i:jwe_isob.obj
 0001:0000cf40       _jwe_ifmt                  0040ff40 f   fj90i:jwe_ifmt.obj
 0001:0000e4b0       _jwe_iedo                  004114b0 f   fj90i:jwe_iedo.obj
 0001:00011540       _jwe_iedi                  00414540 f   fj90i:jwe_iedi.obj
 0001:00014b70       _jwe_iscf                  00417b70 f   fj90i:jwe_iscf.obj
 0001:00015730       _jwe_iadc                  00418730 f   fj90i:jwe_iadc.obj
 0001:00015990       _jwe_idfm                  00418990 f   fj90i:jwe_idfm.obj
 0001:00015dc0       _jwe_ildo                  00418dc0 f   fj90i:jwe_ildo.obj
 0001:00017600       _jwe_illd                  0041a600 f   fj90i:jwe_ildo.obj
 0001:00017730       _jwe_ilni                  0041a730 f   fj90i:jwe_ilni.obj
 0001:00018b20       _jwe_ildi                  0041bb20 f   fj90i:jwe_ildi.obj
 0001:000197c0       _jwe_xsns                  0041c7c0 f   fj90i:jwe_xsns.obj
 0001:00019848       _jwe_xscr                  0041c848 f   fj90i:jwe_xsns.obj
 0001:000198dc       _jwe_xgsr                  0041c8dc f   fj90i:jwe_xsns.obj
 0001:00019980       _jwe_xexi                  0041c980 f   fj90i:jwe_xexi.obj
 0001:000199e0       _jwe_epmp                  0041c9e0 f   fj90i:jwe_eprt.obj
 0001:00019aa0       _jwe_eprt                  0041caa0 f   fj90i:jwe_eprt.obj
 0001:00019f40       _jwe_etpt                  0041cf40 f   fj90i:jwe_etpt.obj
 0001:00019f70       _jwe_iluc                  0041cf70 f   fj90i:jwe_iluc.obj
 0001:0001a080       _jwe_ioef                  0041d080 f   fj90i:jwe_ioef.obj
 0001:0001a100       _jwe_iosf                  0041d100 f   fj90i:jwe_iosf.obj
 0001:0001a2c0       _jwe_eerm                  0041d2c0 f   fj90i:jwe_eerm.obj
 0001:0001a710       _jwe_xbfh                  0041d710 f   fj90i:jwe_xbfh.obj
 0001:0001a730       _jwe_xbsg                  0041d730 f   fj90i:jwe_xbsg.obj
 0001:0001a780       _jwe_xend                  0041d780 f   fj90i:jwe_xend.obj
 0001:0001a8a0       _jwe_xtim                  0041d8a0 f   fj90i:jwe_xtim.obj
 0001:0001a960       _jwe_ifss                  0041d960 f   fj90i:jwe_ifss.obj
 0001:0001aa50       _jwe_icps                  0041da50 f   fj90i:jwe_icps.obj
 0001:0001b1c0       _jwe_icpt                  0041e1c0 f   fj90i:jwe_icpt.obj
 0001:0001b980       _jwe_ifps                  0041e980 f   fj90i:jwe_ifps.obj
 0001:0001bee0       _jwe_ioec                  0041eee0 f   fj90i:jwe_ioec.obj
 0001:0001c2e0       _jwe_icfc                  0041f2e0 f   fj90i:jwe_icfc.obj
 0001:0001c310       _jwe_xexs                  0041f310 f   fj90i:jwe_xexs.obj
 0001:0001c330       _jwe_xets                  0041f330 f   fj90i:jwe_xexs.obj
 0001:0001c540       _jwe_xacp                  0041f540 f   fj90i:jwe_xacp.obj
 0001:0001c580       _jwe_eset                  0041f580 f   fj90i:jwe_eset.obj
 0001:0001c590       _jwe_ifcr                  0041f590 f   fj90i:jwe_ifcr.obj
 0001:0001c630       _jwe_iefn                  0041f630 f   fj90i:jwe_iefn.obj
 0001:0001c7a0       _jwe_ifcs                  0041f7a0 f   fj90i:jwe_ifcs.obj
 0001:0001c890       _jwe_ifcl                  0041f890 f   fj90i:jwe_ifcl.obj
 0001:0001d630       _jwe_ifan                  00420630 f   fj90i:jwe_ifan.obj
 0001:0001d7f0       _jwe_irpp                  004207f0 f   fj90i:jwe_irpp.obj
 0001:0001de60       _jwe_isdp                  00420e60 f   fj90i:jwe_isdp.obj
 0001:0001e040       _jwe_isd1                  00421040 f   fj90i:jwe_isdp.obj
 0001:0001e120       _jwe_isd2                  00421120 f   fj90i:jwe_isdp.obj
 0001:0001e280       _jwe_isls                  00421280 f   fj90i:jwe_isdp.obj
 0001:0001e2d0       _jwe_ielo                  004212d0 f   fj90i:jwe_ielo.obj
 0001:0001e870       _jwe_icft                  00421870 f   fj90i:jwe_icft.obj
 0001:000220e0       _jwe_iric                  004250e0 f   fj90i:jwe_irio.obj
 0001:00023040       _jwe_iroc                  00426040 f   fj90i:jwe_irio.obj
 0001:00025000       _jwe_icbd                  00428000 f   fj90i:jwe_icbd.obj
 0001:00025100       _jwe_icbdu                 00428100 f   fj90i:jwe_icbd.obj
 0001:00025180       _jwe_icbdr                 00428180 f   fj90i:jwe_icbd.obj
 0001:00025250       _jwe_ibtd                  00428250 f   fj90i:jwe_ibtd.obj
 0001:000256b0       _jwe_ibtr                  004286b0 f   fj90i:jwe_ibtr.obj
 0001:000258a0       _jwe_ibtru                 004288a0 f   fj90i:jwe_ibtr.obj
 0001:000259c0       _jwe_ibtrr                 004289c0 f   fj90i:jwe_ibtr.obj
 0001:00025bb0       _jwe_irms                  00428bb0 f   fj90i:jwe_irms.obj
 0001:00025d00       _jwe_inis                  00428d00 f   fj90i:jwe_inis.obj
 0001:00025e00       _jwe_iims                  00428e00 f   fj90i:jwe_iims.obj
 0001:00025eb0       _jwe_icdb                  00428eb0 f   fj90i:jwe_icdb.obj
 0001:00026040       _jwe_icdbu                 00429040 f   fj90i:jwe_icdb.obj
 0001:00026110       _jwe_idtb                  00429110 f   fj90i:jwe_idtb.obj
 0001:00026340       _jwe_idtbu                 00429340 f   fj90i:jwe_idtb.obj
 0001:00026500       _jwe_idtr                  00429500 f   fj90i:jwe_idtr.obj
 0001:00026670       _jwe_idtru                 00429670 f   fj90i:jwe_idtr.obj
 0001:00026770       _jwe_iczb                  00429770 f   fj90i:jwe_iczb.obj
 0001:000269b0       _jwe_icbb                  004299b0 f   fj90i:jwe_icbb.obj
 0001:00026ae0       _jwe_icob                  00429ae0 f   fj90i:jwe_icob.obj
 0001:00026dc0       _jwe_igrr                  00429dc0 f   fj90i:jwe_igrr.obj
 0001:00027360       _jwe_iedp                  0042a360 f   fj90i:jwe_iedp.obj
 0001:00027570       _jwe_ifal                  0042a570 f   fj90i:jwe_ifal.obj
 0001:00027730       _jwe_ifch                  0042a730 f   fj90i:jwe_ifch.obj
 0001:00027890       _jwe_idcf                  0042a890 f   fj90i:jwe_idcf.obj
 0001:00027d10       _jwe_xget_cpuid            0042ad10 f   fj90i:jwe_xcpu.obj
 0001:00027e10       _jwe_ecnv                  0042ae10 f   fj90i:jwe_ecnv.obj
 0001:00027f40       _jwe_xtyp                  0042af40 f   fj90i:jwe_xtyp.obj
 0001:000281e0       _jwe_errr                  0042b1e0 f   fj90i:jwe_errr.obj
 0001:00028a20       _jwe_einf                  0042ba20 f   fj90i:jwe_einf.obj
 0001:00028d70       _jwe_eitm                  0042bd70 f   fj90i:jwe_eitm.obj
 0001:00028da0       _jwe_xalc_fast             0042bda0 f   fj90i:jwe_xdta.obj
 0001:00028fb0       _jwe_xdal_fast             0042bfb0 f   fj90i:jwe_xdta.obj
 0001:00029250       _jwe_xget_align            0042c250 f   fj90i:jwe_xdta.obj
 0001:000292c0       _jwe_xfree_align           0042c2c0 f   fj90i:jwe_xdta.obj
 0001:000292e0       _jwe_xpac                  0042c2e0 f   fj90i:jwe_xpac.obj
 0001:000294e0       _jwe_iged                  0042c4e0 f   fj90i:jwe_iend.obj
 0001:00029720       _jwe_ieed                  0042c720 f   fj90i:jwe_iend.obj
 0001:000297c0       _jwe_xfpe                  0042c7c0 f   fj90i:jwe_xfpe.obj
 0001:000298a0       _jwe_xsko                  0042c8a0 f   fj90i:jwe_xsko.obj
 0001:000298d0       _jwe_xacv                  0042c8d0 f   fj90i:jwe_xacv.obj
 0001:00029900       _jwe_xacd                  0042c900 f   fj90i:jwe_xacd.obj
 0001:00029910       _jwe_xesm                  0042c910 f   fj90i:jwe_xesm.obj
 0001:000299b0       _jwe_etbm                  0042c9b0 f   fj90i:jwe_etbm.obj
 0001:0002ac90       _jwe_xill                  0042dc90 f   fj90i:jwe_xill.obj
 0001:0002acc0       _jwe_xrdy                  0042dcc0 f   fj90i:jwe_xrdy.obj
 0001:0002acd0       _jwe_iicn                  0042dcd0 f   fj90i:jwe_iicn.obj
 0001:0002b010       _jwe_irpd                  0042e010 f   fj90i:jwe_irpd.obj
 0001:0002b590       _jwe_irp1                  0042e590 f   fj90i:jwe_irpd.obj
 0001:0002b650       _jwe_irp2                  0042e650 f   fj90i:jwe_irpd.obj
 0001:0002b820       _jwe_ijdj                  0042e820 f   fj90i:jwe_ijdj.obj
 0001:0002ba80       _jwe_imdj                  0042ea80 f   fj90i:jwe_imdj.obj
 0001:0002bad0       _jwe_imdju                 0042ead0 f   fj90i:jwe_imdj.obj
 0001:0002bb30       _jwe_ifvsv                 0042eb30 f   fj90i:jwe_imdj.obj
 0001:0002bb90       _jwe_ifvdu                 0042eb90 f   fj90i:jwe_imdj.obj
 0001:0002bcd0       _jwe_ifvdv                 0042ecd0 f   fj90i:jwe_imdj.obj
 0001:0002be50       _jwe_ijad                  0042ee50 f   fj90i:jwe_ijad.obj
 0001:0002bed0       _jwe_ijmj                  0042eed0 f   fj90i:jwe_ijmj.obj
 0001:0002c020       _jwe_ifop                  0042f020 f   fj90i:jwe_ifop.obj
 0001:0002ced0       _jwe_xarg                  0042fed0 f   fj90i:jwe_xarg.obj
 0001:0002d010       _jwe_emsg                  00430010 f   fj90i:jwe_emsg.obj
 0001:0002df70       _jwe_egtb                  00430f70 f   fj90i:jwe_ertb.obj
 0001:0002df80       _jwe_ebtl                  00430f80 f   fj90i:jwe_ertb.obj
 0001:0002df90       _jwe_etbl                  00430f90 f   fj90i:jwe_etbl.obj
 0001:0002dfc0       _jwe_xalc                  00430fc0 f   fj90i:jwe_xalc.obj
 0001:0002e420       _jwe_x_alloc_trace         00431420 f   fj90i:jwe_xalc.obj
 0001:0002e550       _jwe_etbe                  00431550 f   fj90i:jwe_etbe.obj
 0001:0002e650       _jwe_etbn                  00431650 f   fj90i:jwe_etbn.obj
 0001:0002e770       _jwe_etbg                  00431770 f   fj90i:jwe_etbg.obj
 0001:0002e8d0       _jwe_etbs_dll              004318d0 f   fj90i:jwe_etbs.obj
 0001:0002ec50       _jwe_etbs                  00431c50 f   fj90i:jwe_etbs.obj
 0001:0002f000       _jwe_ijsb                  00432000 f   fj90i:jwe_ijsb.obj
 0001:0002f070       _jwe_idpa                  00432070 f   fj90i:jwe_idpa.obj
 0001:0002fe20       _jwe_idpb                  00432e20 f   fj90i:jwe_idpa.obj
 0001:00030010       _jwe_idpe                  00433010 f   fj90i:jwe_idpa.obj
 0001:00030130       _jwe_idga                  00433130 f   fj90i:jwe_idga.obj
 0001:000307f0       _jwe_idpt                  004337f0 f   fj90i:jwe_idpt.obj
 0001:00031410       _jwe_idft                  00434410 f   fj90i:jwe_idpt.obj
 0001:000315f0       _jwe_idgt                  004345f0 f   fj90i:jwe_idgt.obj
 0001:00031cb0       _jwe_ipid                  00434cb0 f   fj90i:jwe_ipid.obj
 0001:00031d40       _jwe_iupd                  00434d40 f   fj90i:jwe_iupd.obj
 0001:000323f0       _jwe_iupd_error            004353f0 f   fj90i:jwe_iupd.obj
 0001:00032490       _jwe_iugd                  00435490 f   fj90i:jwe_iugd.obj
 0001:000328f0       _jwe_ibpd                  004358f0 f   fj90i:jwe_ibpd.obj
 0001:00032c00       _jwe_ibgd                  00435c00 f   fj90i:jwe_ibgd.obj
 0001:00032da0       _jwe_ifpf                  00435da0 f   fj90i:jwe_ifpf.obj
 0001:000339d0       _jwe_icpf                  004369d0 f   fj90i:jwe_icpf.obj
 0001:00034920       _jwe_ifgf                  00437920 f   fj90i:jwe_ifgf.obj
 0001:000350a0       _jwe_ipfd                  004380a0 f   fj90i:jwe_ipfd.obj
 0001:00035dc0       _jwe_itfn                  00438dc0 f   fj90i:jwe_itfn.obj
 0001:00036100       _jwe_iifd                  00439100 f   fj90i:jwe_iifd.obj
 0001:00036410       _jwe_igfd                  00439410 f   fj90i:jwe_igfd.obj
 0001:00036790       _jwe_itfd                  00439790 f   fj90i:jwe_itfd.obj
 0001:00036c60       _jwe_isfd                  00439c60 f   fj90i:jwe_isfd.obj
 0001:00036de0       _jwe_irfd                  00439de0 f   fj90i:jwe_irfd.obj
 0001:00036ed0       _jwe_ibfd                  00439ed0 f   fj90i:jwe_ibfd.obj
 0001:00037be0       _jwe_ifgs                  0043abe0 f   fj90i:jwe_ifgs.obj
 0001:00037db0       _jwe_ifga                  0043adb0 f   fj90i:jwe_ifga.obj
 0001:00037e60       _jwe_ipsd                  0043ae60 f   fj90i:jwe_ipsd.obj
 0001:00038570       _jwe_ipad                  0043b570 f   fj90i:jwe_ipad.obj
 0001:000385a0       _jwe_itsn                  0043b5a0 f   fj90i:jwe_itsn.obj
 0001:00038690       _jwe_ifpa                  0043b690 f   fj90i:jwe_ifpa.obj
 0001:00038770       _jwe_igsd                  0043b770 f   fj90i:jwe_igsd.obj
 0001:00038910       _jwe_itsd                  0043b910 f   fj90i:jwe_itsd.obj
 0001:00038a20       _jwe_issd                  0043ba20 f   fj90i:jwe_issd.obj
 0001:00038a80       _jwe_irsd                  0043ba80 f   fj90i:jwe_irsd.obj
 0001:00038ad0       _jwe_ibsd                  0043bad0 f   fj90i:jwe_ibsd.obj
 0001:00038cf0       _jwe_etxt                  0043bcf0 f   fj90i:jwe_etxt.obj
 0001:00038d50       _jwe_etbf                  0043bd50 f   fj90i:jwe_etbf.obj
 0001:00039150       _jwe_itpt                  0043c150 f   fj90i:jwe_itpt.obj
 0001:000391e0       _jwe_emso                  0043c1e0 f   fj90i:jwe_emso.obj
 0001:000391f0       _jwe_emss                  0043c1f0 f   fj90i:jwe_emss.obj
 0001:00039200       _jwe_emsf                  0043c200 f   fj90i:jwe_emsf.obj
 0001:00039210       _jwe_emsi                  0043c210 f   fj90i:jwe_emsi.obj
 0001:00039220       _jwe_emsx                  0043c220 f   fj90i:jwe_emsx.obj
 0001:00039230       _jwe_ems5                  0043c230 f   fj90i:jwe_ems5.obj
 0001:00039240       _jwe_ems4                  0043c240 f   fj90i:jwe_ems4.obj
 0001:00039250       _jwe_ems3                  0043c250 f   fj90i:jwe_ems3.obj
 0001:00039260       _jwe_ems2                  0043c260 f   fj90i:jwe_ems2.obj
 0001:00039270       _jwe_ems1                  0043c270 f   fj90i:jwe_ems1.obj
 0001:00039280       __chkstk                   0043c280 f   libc:chkstk.obj
 0001:00039280       __alloca_probe             0043c280 f   libc:chkstk.obj
 0001:000392af       _mainCRTStartup            0043c2af f   libc:crt0.obj
 0001:0003938e       __amsg_exit                0043c38e f   libc:crt0.obj
 0001:000393d7       __fpmath                   0043c3d7 f   libc:fpinit.obj
 0001:000393ee       __fpclear                  0043c3ee f   libc:fpinit.obj
 0001:000393ef       __cfltcvt_init             0043c3ef f   libc:fpinit.obj
 0001:00039427       ___setfflag                0043c427 f   libc:fpinit.obj
 0001:00039437       ___initstdio               0043c437 f   libc:_file.obj
 0001:000394dc       ___endstdio                0043c4dc f   libc:_file.obj
 0001:000394f0       __stati64                  0043c4f0 f   libc:stati64.obj
 0001:0003982f       __statusfp                 0043c82f f   libc:ieee87.obj
 0001:00039842       __clearfp                  0043c842 f   libc:ieee87.obj
 0001:00039856       __control87                0043c856 f   libc:ieee87.obj
 0001:0003988b       __controlfp                0043c88b f   libc:ieee87.obj
 0001:000398a1       __fpreset                  0043c8a1 f   libc:ieee87.obj
 0001:00039a1b       _fflush                    0043ca1b f   libc:fflush.obj
 0001:00039a56       __flush                    0043ca56 f   libc:fflush.obj
 0001:00039ab2       __flushall                 0043cab2 f   libc:fflush.obj
 0001:00039b28       _printf                    0043cb28 f   libc:printf.obj
 0001:00039b59       _getenv                    0043cb59 f   libc:getenv.obj
 0001:00039bd6       __isctype                  0043cbd6 f   libc:isctype.obj
 0001:00039c4b       _fputc                     0043cc4b f   libc:fputc.obj
 0001:00039c6f       _putc                      0043cc6f f   libc:fputc.obj
 0001:00039c7f       _sprintf                   0043cc7f f   libc:sprintf.obj
 0001:00039cd1       __tolower                  0043ccd1 f   libc:tolower.obj
 0001:00039cd9       _tolower                   0043ccd9 f   libc:tolower.obj
 0001:00039da4       _fgets                     0043cda4 f   libc:fgets.obj
 0001:00039e00       _memmove                   0043ce00 f   libc:memmove.obj
 0001:0003a140       __CIpow                    0043d140 f   libc:pow.obj
 0001:0003a159       _pow                       0043d159 f   libc:pow.obj
 0001:0003a35d       _fclose                    0043d35d f   libc:fclose.obj
 0001:0003a3b3       _fputs                     0043d3b3 f   libc:fputs.obj
 0001:0003a3f6       __fsopen                   0043d3f6 f   libc:fopen.obj
 0001:0003a416       _fopen                     0043d416 f   libc:fopen.obj
 0001:0003a429       _abort                     0043d429 f   libc:abort.obj
 0001:0003a440       __cinit                    0043d440 f   libc:crt0dat.obj
 0001:0003a46d       _exit                      0043d46d f   libc:crt0dat.obj
 0001:0003a47e       __exit                     0043d47e f   libc:crt0dat.obj
 0001:0003a48f       __cexit                    0043d48f f   libc:crt0dat.obj
 0001:0003a49e       __c_exit                   0043d49e f   libc:crt0dat.obj
 0001:0003a560       _fwrite                    0043d560 f   libc:fwrite.obj
 0001:0003a66a       _fseek                     0043d66a f   libc:fseek.obj
 0001:0003a6f6       _strerror                  0043d6f6 f   libc:strerror.obj
 0001:0003a722       __fstati64                 0043d722 f   libc:fstati64.obj
 0001:0003a9b6       __lseeki64                 0043d9b6 f   libc:lseeki64.obj
 0001:0003aa68       __ftol                     0043da68 f   libc:ftol.obj
 0001:0003aa8f       _isalpha                   0043da8f f   libc:_ctype.obj
 0001:0003aabd       _isupper                   0043dabd f   libc:_ctype.obj
 0001:0003aae5       _islower                   0043dae5 f   libc:_ctype.obj
 0001:0003ab0d       _isdigit                   0043db0d f   libc:_ctype.obj
 0001:0003ab35       _isxdigit                  0043db35 f   libc:_ctype.obj
 0001:0003ab62       _isspace                   0043db62 f   libc:_ctype.obj
 0001:0003ab8a       _ispunct                   0043db8a f   libc:_ctype.obj
 0001:0003abb2       _isalnum                   0043dbb2 f   libc:_ctype.obj
 0001:0003abe0       _isprint                   0043dbe0 f   libc:_ctype.obj
 0001:0003ac0e       _isgraph                   0043dc0e f   libc:_ctype.obj
 0001:0003ac3c       _iscntrl                   0043dc3c f   libc:_ctype.obj
 0001:0003ac64       ___isascii                 0043dc64 f   libc:_ctype.obj
 0001:0003ac71       ___toascii                 0043dc71 f   libc:_ctype.obj
 0001:0003ac79       ___iscsymf                 0043dc79 f   libc:_ctype.obj
 0001:0003acb6       ___iscsym                  0043dcb6 f   libc:_ctype.obj
 0001:0003acf3       _fread                     0043dcf3 f   libc:fread.obj
 0001:0003addb       _ftell                     0043dddb f   libc:ftell.obj
 0001:0003af40       _memcmp                    0043df40 f   libc:memcmp.obj
 0001:0003afec       __toupper                  0043dfec f   libc:toupper.obj
 0001:0003aff4       _toupper                   0043dff4 f   libc:toupper.obj
 0001:0003b0c0       _strncat                   0043e0c0 f   libc:strncat.obj
 0001:0003b1e3       _strtol                    0043e1e3 f   libc:strtol.obj
 0001:0003b402       _strtoul                   0043e402 f   libc:strtol.obj
 0001:0003b419       _free                      0043e419 f   libc:free.obj
 0001:0003b482       _malloc                    0043e482 f   libc:malloc.obj
 0001:0003b494       __nh_malloc                0043e494 f   libc:malloc.obj
 0001:0003b4c0       __heap_alloc               0043e4c0 f   libc:malloc.obj
 0001:0003b540       _strncmp                   0043e540 f   libc:strncmp.obj
 0001:0003b578       _atol                      0043e578 f   libc:atox.obj
 0001:0003b603       _atoi                      0043e603 f   libc:atox.obj
 0001:0003b60e       __atoi64                   0043e60e f   libc:atox.obj
 0001:0003b6c8       _setvbuf                   0043e6c8 f   libc:setvbuf.obj
 0001:0003b770       __allrem                   0043e770 f   libc:llrem.obj
 0001:0003b830       __alldiv                   0043e830 f   libc:lldiv.obj
 0001:0003b8da       _realloc                   0043e8da f   libc:realloc.obj
 0001:0003bb80       _strncpy                   0043eb80 f   libc:strncpy.obj
 0001:0003bc80       __allmul                   0043ec80 f   libc:llmul.obj
 0001:0003bcb4       __flsbuf                   0043ecb4 f   libc:_flsbuf.obj
 0001:0003bdc9       _clearerr                  0043edc9 f   libc:clearerr.obj
 0001:0003bdf7       _rewind                    0043edf7 f   libc:rewind.obj
 0001:0003be4b       __XcptFilter               0043ee4b f   libc:winxfltr.obj
 0001:0003bfcf       __setenvp                  0043efcf f   libc:stdenvp.obj
 0001:0003c088       __setargv                  0043f088 f   libc:stdargv.obj
 0001:0003c2d5       ___crtGetEnvironmentStringsA 0043f2d5 f   libc:a_env.obj
 0001:0003c407       __ioinit                   0043f407 f   libc:ioinit.obj
 0001:0003c5b2       __ioterm                   0043f5b2 f   libc:ioinit.obj
 0001:0003c5d5       __GetLinkerVersion         0043f5d5 f   libc:heapinit.obj
 0001:0003c602       ___heap_select             0043f602 f   libc:heapinit.obj
 0001:0003c74a       __heap_init                0043f74a f   libc:heapinit.obj
 0001:0003c7a7       __heap_term                0043f7a7 f   libc:heapinit.obj
 0001:0003c850       __global_unwind2           0043f850 f   libc:exsup.obj
 0001:0003c892       __local_unwind2            0043f892 f   libc:exsup.obj
 0001:0003c8ea       __NLG_Return2              0043f8ea f   libc:exsup.obj
 0001:0003c8fa       __abnormal_termination     0043f8fa f   libc:exsup.obj
 0001:0003c91d       __NLG_Notify1              0043f91d f   libc:exsup.obj
 0001:0003c926       __NLG_Notify               0043f926 f   libc:exsup.obj
 0001:0003c939       __NLG_Dispatch             0043f939 f   libc:exsup.obj
 0001:0003c948       __except_handler3          0043f948 f   libc:exsup3.obj
 0001:0003ca05       __seh_longjmp_unwind@4     0043fa05 f   libc:exsup3.obj
 0001:0003ca20       __FF_MSGBANNER             0043fa20 f   libc:crt0msg.obj
 0001:0003ca59       __NMSG_WRITE               0043fa59 f   libc:crt0msg.obj
 0001:0003cbac       __GET_RTERRMSG             0043fbac f   libc:crt0msg.obj
 0001:0003cbdd       __setdefaultprecision      0043fbdd f   libc:fp8.obj
 0001:0003cbef       __ms_p5_test_fdiv          0043fbef f   libc:testfdiv.obj
 0001:0003cc2d       __ms_p5_mp_test_fdiv       0043fc2d f   libc:testfdiv.obj
 0001:0003cc56       __forcdecpt                0043fc56 f   libc:cvt.obj
 0001:0003ccb0       __cropzeros                0043fcb0 f   libc:cvt.obj
 0001:0003ccfe       __positive                 0043fcfe f   libc:cvt.obj
 0001:0003cd16       __fassign                  0043fd16 f   libc:cvt.obj
 0001:0003cd54       __cftoe                    0043fd54 f   libc:cvt.obj
 0001:0003ce58       __cftof                    0043fe58 f   libc:cvt.obj
 0001:0003cf36       __cftog                    0043ff36 f   libc:cvt.obj
 0001:0003d01b       __cfltcvt                  0044001b f   libc:cvt.obj
 0001:0003d091       _calloc                    00440091 f   libc:calloc.obj
 0001:0003d142       __fcloseall                00440142 f   libc:closeall.obj
 0001:0003d19a       __dosmaperr                0044019a f   libc:dosmap.obj
 0001:0003d201       ___dtoxmode                00440201 f   libc:stat.obj
 0001:0003d2b9       __stat                     004402b9 f   libc:stat.obj
 0001:0003d5dc       ___loctotime_t             004405dc f   libc:dtoxtime.obj
 0001:0003d6a0       _strlen                    004406a0 f   libc:strlen.obj
 0001:0003d71b       __fullpath                 0044071b f   libc:fullpath.obj
 0001:0003d7be       __getdrive                 004407be f   libc:drive.obj
 0001:0003d801       __chdrive                  00440801 f   libc:drive.obj
 0001:0003d858       __mbctolower               00440858 f   libc:mbtolwr.obj
 0001:0003d8d3       __mbspbrk                  004408d3 f   libc:mbspbrk.obj
 0001:0003d958       __commit                   00440958 f   libc:commit.obj
 0001:0003d9af       _write                     004409af f   libc:write.obj
 0001:0003d9af       __write                    004409af f   libc:write.obj
 0001:0003db5c       __stbuf                    00440b5c f   libc:_sftbuf.obj
 0001:0003dbe9       __ftbuf                    00440be9 f   libc:_sftbuf.obj
 0001:0003dc26       __output                   00440c26 f   libc:output.obj
 0001:0003e430       __mbsnbicoll               00441430 f   libc:mbsnbico.obj
 0001:0003e46f       ___wtomb_environ           0044146f f   libc:wtombenv.obj
 0001:0003e4dd       ___crtGetStringTypeA       004414dd f   libc:a_str.obj
 0001:0003e626       ___crtLCMapStringA         00441626 f   libc:a_map.obj
 0001:0003e875       __filbuf                   00441875 f   libc:_filbuf.obj
 0001:0003e961       __fFEXP                    00441961 f   libc:87tran.obj
 0001:0003e9c8       __rtinfpopse               004419c8 f   libc:87tran.obj
 0001:0003e9ca       __rtinfnpopse              004419ca f   libc:87tran.obj
 0001:0003e9da       __fFLN                     004419da f   libc:87tran.obj
 0001:0003ea8f       __rtinfpop                 00441a8f f   libc:87tran.obj
 0001:0003ea91       __rtinfnpop                00441a91 f   libc:87tran.obj
 0001:0003eaae       __ffexpm1                  00441aae f   libc:87tran.obj
 0001:0003eb60       __trandisp1                00441b60 f   libc:87disp.obj
 0001:0003ebc7       __trandisp2                00441bc7 f   libc:87disp.obj
 0001:0003ec53       __rttospopde               00441c53 f   libc:87disp.obj
 0001:0003ec58       __rttospop                 00441c58 f   libc:87disp.obj
 0001:0003ec5a       __rtnospop                 00441c5a f   libc:87disp.obj
 0001:0003ec5c       __rttosnpop                00441c5c f   libc:87disp.obj
 0001:0003ec5d       __rtnospopde               00441c5d f   libc:87disp.obj
 0001:0003ec64       __rtzeropop                00441c64 f   libc:87disp.obj
 0001:0003ec66       __rtzeronpop               00441c66 f   libc:87disp.obj
 0001:0003ec6b       __rtonepop                 00441c6b f   libc:87disp.obj
 0001:0003ec6d       __rtonenpop                00441c6d f   libc:87disp.obj
 0001:0003ec72       __tosnan1                  00441c72 f   libc:87disp.obj
 0001:0003ec9d       __nosnan2                  00441c9d f   libc:87disp.obj
 0001:0003ec9f       __tosnan2                  00441c9f f   libc:87disp.obj
 0001:0003ecc7       __nan2                     00441cc7 f   libc:87disp.obj
 0001:0003ed06       __rtindfpop                00441d06 f   libc:87disp.obj
 0001:0003ed08       __rtindfnpop               00441d08 f   libc:87disp.obj
 0001:0003ed19       __rttosnpopde              00441d19 f   libc:87disp.obj
 0001:0003ed23       __rtchsifneg               00441d23 f   libc:87disp.obj
 0001:0003ed30       __startTwoArgErrorHandling 00441d30 f   libc:genexcep.obj
 0001:0003ed47       __startOneArgErrorHandling 00441d47 f   libc:genexcep.obj
 0001:0003ed90       __twoToTOS                 00441d90 f   libc:common.obj
 0001:0003eda5       __load_CW                  00441da5 f   libc:common.obj
 0001:0003edbc       __convertTOStoQNaN         00441dbc f   libc:common.obj
 0001:0003edd5       __fload_withFB             00441dd5 f   libc:common.obj
 0001:0003ee18       __checkTOS_withFB          00441e18 f   libc:common.obj
 0001:0003ee2e       __fast_exit                00441e2e f   libc:common.obj
 0001:0003ee3b       __math_exit                00441e3b f   libc:common.obj
 0001:0003ee65       __check_overflow_exit      00441e65 f   libc:common.obj
 0001:0003ee79       __check_range_exit         00441e79 f   libc:common.obj
 0001:0003ef1c       __powhlp                   00441f1c f   libc:powhlp.obj
 0001:0003f04c       __d_inttype                0044204c f   libc:powhlp.obj
 0001:0003f0b1       _close                     004420b1 f   libc:close.obj
 0001:0003f0b1       __close                    004420b1 f   libc:close.obj
 0001:0003f164       __freebuf                  00442164 f   libc:_freebuf.obj
 0001:0003f18f       __openfile                 0044218f f   libc:_open.obj
 0001:0003f2ff       __getstream                004422ff f   libc:stream.obj
 0001:0003f377       _signal                    00442377 f   libc:winsig.obj
 0001:0003f4bb       _raise                     004424bb f   libc:winsig.obj
 0001:0003f630       _memcpy                    00442630 f   libc:memcpy.obj
 0001:0003f965       _lseek                     00442965 f   libc:lseek.obj
 0001:0003f965       __lseek                    00442965 f   libc:lseek.obj
 0001:0003fa00       _strcpy                    00442a00 f   libc:strcat.obj
 0001:0003fa10       _strcat                    00442a10 f   libc:strcat.obj
 0001:0003faf0       __alloc_osfhnd             00442af0 f   libc:osfinfo.obj
 0001:0003fb85       __set_osfhnd               00442b85 f   libc:osfinfo.obj
 0001:0003fbfc       __free_osfhnd              00442bfc f   libc:osfinfo.obj
 0001:0003fc76       __get_osfhandle            00442c76 f   libc:osfinfo.obj
 0001:0003fcb3       __open_osfhandle           00442cb3 f   libc:osfinfo.obj
 0001:0003fd50       _read                      00442d50 f   libc:read.obj
 0001:0003fd50       __read                     00442d50 f   libc:read.obj
 0001:0003ff46       __get_sbh_threshold        00442f46 f   libc:sbheap.obj
 0001:0003ff65       __set_sbh_threshold        00442f65 f   libc:sbheap.obj
 0001:00040018       ___sbh_heap_init           00443018 f   libc:sbheap.obj
 0001:00040060       ___sbh_find_block          00443060 f   libc:sbheap.obj
 0001:0004008b       ___sbh_free_block          0044308b f   libc:sbheap.obj
 0001:000403b4       ___sbh_alloc_block         004433b4 f   libc:sbheap.obj
 0001:000406bd       ___sbh_alloc_new_region    004436bd f   libc:sbheap.obj
 0001:0004076e       ___sbh_alloc_new_group     0044376e f   libc:sbheap.obj
 0001:00040869       ___sbh_resize_block        00443869 f   libc:sbheap.obj
 0001:00040b5f       ___sbh_heapmin             00443b5f f   libc:sbheap.obj
 0001:00040c30       ___sbh_heap_check          00443c30 f   libc:sbheap.obj
 0001:00040f5f       __get_old_sbh_threshold    00443f5f f   libc:sbheap.obj
 0001:00040f65       __set_old_sbh_threshold    00443f65 f   libc:sbheap.obj
 0001:00040f81       ___old_sbh_new_region      00443f81 f   libc:sbheap.obj
 0001:000410c5       ___old_sbh_release_region  004440c5 f   libc:sbheap.obj
 0001:0004111b       ___old_sbh_decommit_pages  0044411b f   libc:sbheap.obj
 0001:000411dd       ___old_sbh_find_block      004441dd f   libc:sbheap.obj
 0001:00041234       ___old_sbh_free_block      00444234 f   libc:sbheap.obj
 0001:00041279       ___old_sbh_alloc_block     00444279 f   libc:sbheap.obj
 0001:00041481       ___old_sbh_alloc_block_from_page 00444481 f   libc:sbheap.obj
 0001:000415a5       ___old_sbh_resize_block    004445a5 f   libc:sbheap.obj
 0001:0004164e       ___old_sbh_heap_check      0044464e f   libc:sbheap.obj
 0001:000417ac       ?_set_new_handler@@YAP6AHI@ZP6AHI@Z@Z 004447ac f   libc:handler.obj
 0001:000417bc       ?_query_new_handler@@YAP6AHI@ZXZ 004447bc f   libc:handler.obj
 0001:000417c2       __callnewh                 004447c2 f   libc:handler.obj
 0001:000417dd       __getbuf                   004447dd f   libc:_getbuf.obj
 0001:00041821       _isatty                    00444821 f   libc:isatty.obj
 0001:00041821       __isatty                   00444821 f   libc:isatty.obj
 0001:00041847       __setmbcp                  00444847 f   libc:mbctype.obj
 0001:00041c0b       __getmbcp                  00444c0b f   libc:mbctype.obj
 0001:00041c1b       ___initmbctable            00444c1b f   libc:mbctype.obj
 0001:00041c50       _strchr                    00444c50 f   libc:strchr.obj
 0001:00041c56       ___from_strstr_to_strchr   00444c56 f   libc:strchr.obj
 0001:00041d10       _strstr                    00444d10 f   libc:strstr.obj
 0001:00041d90       ___crtMessageBoxA          00444d90 f   libc:crtmbox.obj
 0001:00041e19       __ZeroTail                 00444e19 f   libc:intrncvt.obj
 0001:00041e62       __IncMan                   00444e62 f   libc:intrncvt.obj
 0001:00041eb8       __RoundMan                 00444eb8 f   libc:intrncvt.obj
 0001:00041f44       __CopyMan                  00444f44 f   libc:intrncvt.obj
 0001:00041f5f       __FillZeroMan              00444f5f f   libc:intrncvt.obj
 0001:00041f6b       __IsZeroMan                00444f6b f   libc:intrncvt.obj
 0001:00041f86       __ShrMan                   00444f86 f   libc:intrncvt.obj
 0001:00042013       __ld12cvt                  00445013 f   libc:intrncvt.obj
 0001:0004217f       __ld12tod                  0044517f f   libc:intrncvt.obj
 0001:00042195       __ld12tof                  00445195 f   libc:intrncvt.obj
 0001:000421ab       __ld12told                 004451ab f   libc:intrncvt.obj
 0001:00042225       __atodbl                   00445225 f   libc:intrncvt.obj
 0001:00042252       __atoldbl                  00445252 f   libc:intrncvt.obj
 0001:00042280       __atoflt                   00445280 f   libc:intrncvt.obj
 0001:000422ad       __fptostr                  004452ad f   libc:_fptostr.obj
 0001:00042324       __fltout                   00445324 f   libc:cfout.obj
 0001:00042388       ___dtold                   00445388 f   libc:cfout.obj
 0001:00042440       _memset                    00445440 f   libc:memset.obj
 0001:00042498       __fptrap                   00445498 f   libc:crt0fp.obj
 0001:000424a1       __mbsicmp                  004454a1 f   libc:mbsicmp.obj
 0001:0004260f       __mbsrchr                  0044560f f   libc:mbsrchr.obj
 0001:0004266f       ___tzset                   0044566f f   libc:tzset.obj
 0001:00042684       __tzset                    00445684 f   libc:tzset.obj
 0001:000428e2       __isindst                  004458e2 f   libc:tzset.obj
 0001:00042bce       _getcwd                    00445bce f   libc:getcwd.obj
 0001:00042bce       __getcwd                   00445bce f   libc:getcwd.obj
 0001:00042be1       __getdcwd                  00445be1 f   libc:getcwd.obj
 0001:00042cb2       __validdrive               00445cb2 f   libc:getcwd.obj
 0001:00042cf0       _strpbrk                   00445cf0 f   libc:strpbrk.obj
 0001:00042d2a       _wctomb                    00445d2a f   libc:wctomb.obj
 0001:00042da0       __aulldiv                  00445da0 f   libc:ulldiv.obj
 0001:00042e10       __aullrem                  00445e10 f   libc:ullrem.obj
 0001:00042e85       ___crtCompareStringA       00445e85 f   libc:a_cmp.obj
 0001:0004312d       ___crtsetenv               0044612d f   libc:setenv.obj
 0001:00043380       _fdiv_main_routine         00446380 f   libc:adj_fdiv.obj
 0001:00043497       __adj_fdiv_r               00446497 f   libc:adj_fdiv.obj
 0001:00043936       __fdivp_sti_st             00446936 f   libc:adj_fdiv.obj
 0001:00043949       __fdivrp_sti_st            00446949 f   libc:adj_fdiv.obj
 0001:0004395c       __adj_fdiv_m32             0044695c f   libc:adj_fdiv.obj
 0001:000439a8       __adj_fdiv_m64             004469a8 f   libc:adj_fdiv.obj
 0001:000439f4       __adj_fdiv_m16i            004469f4 f   libc:adj_fdiv.obj
 0001:00043a28       __adj_fdiv_m32i            00446a28 f   libc:adj_fdiv.obj
 0001:00043a5c       __adj_fdivr_m32            00446a5c f   libc:adj_fdiv.obj
 0001:00043aa8       __adj_fdivr_m64            00446aa8 f   libc:adj_fdiv.obj
 0001:00043af4       __adj_fdivr_m16i           00446af4 f   libc:adj_fdiv.obj
 0001:00043b28       __adj_fdivr_m32i           00446b28 f   libc:adj_fdiv.obj
 0001:00043b5c       __safe_fdiv                00446b5c f   libc:adj_fdiv.obj
 0001:00043b71       __safe_fdivr               00446b71 f   libc:adj_fdiv.obj
 0001:00043b86       __fprem_common             00446b86 f   libc:adj_fdiv.obj
 0001:00043d8c       __adj_fprem                00446d8c f   libc:adj_fdiv.obj
 0001:00043e3e       __fprem1_common            00446e3e f   libc:adj_fdiv.obj
 0001:00044044       __adj_fprem1               00447044 f   libc:adj_fdiv.obj
 0001:000440f9       __safe_fprem               004470f9 f   libc:adj_fdiv.obj
 0001:000440ff       __safe_fprem1              004470ff f   libc:adj_fdiv.obj
 0001:00044105       __adj_fpatan               00447105 f   libc:adj_fdiv.obj
 0001:00044108       __adj_fptan                00447108 f   libc:adj_fdiv.obj
 0001:0004410b       __87except                 0044710b f   libc:87except.obj
 0001:000441db       __set_exp                  004471db f   libc:util.obj
 0001:00044204       __get_exp                  00447204 f   libc:util.obj
 0001:00044218       __add_exp                  00447218 f   libc:util.obj
 0001:00044244       __set_bexp                 00447244 f   libc:util.obj
 0001:00044268       __sptype                   00447268 f   libc:util.obj
 0001:000442c2       __decomp                   004472c2 f   libc:util.obj
 0001:00044383       __frnd                     00447383 f   libc:frnd.obj
 0001:00044395       __copysign                 00447395 f   libc:ieeemisc.obj
 0001:000443b6       __chgsign                  004473b6 f   libc:ieeemisc.obj
 0001:000443db       __scalb                    004473db f   libc:ieeemisc.obj
 0001:000443f1       __logb                     004473f1 f   libc:ieeemisc.obj
 0001:000444d8       __nextafter                004474d8 f   libc:ieeemisc.obj
 0001:0004476d       __finite                   0044776d f   libc:ieeemisc.obj
 0001:00044781       __isnan                    00447781 f   libc:ieeemisc.obj
 0001:000447af       __fpclass                  004477af f   libc:ieeemisc.obj
 0001:00044841       __open                     00447841 f   libc:open.obj
 0001:00044841       _open                      00447841 f   libc:open.obj
 0001:00044858       __sopen                    00447858 f   libc:open.obj
 0001:00044b11       ___addl                    00447b11 f   libc:mantold.obj
 0001:00044b32       ___add_12                  00447b32 f   libc:mantold.obj
 0001:00044b90       ___shl_12                  00447b90 f   libc:mantold.obj
 0001:00044bbe       ___shr_12                  00447bbe f   libc:mantold.obj
 0001:00044beb       ___mtold12                 00447beb f   libc:mantold.obj
 0001:00044cb2       ___strgtold12              00447cb2 f   libc:strgtold.obj
 0001:00045183       ___STRINGTOLD              00448183 f   libc:strgtold.obj
 0001:000451bf       _$I10_OUTPUT               004481bf f   libc:x10fout.obj
 0001:00045460       __strcmpi                  00448460 f   libc:stricmp.obj
 0001:00045460       __stricmp                  00448460 f   libc:stricmp.obj
 0001:000454f0       _strrchr                   004484f0 f   libc:strrchr.obj
 0001:00045520       _strcmp                    00448520 f   libc:strcmp.obj
 0001:000455a4       __mbschr                   004485a4 f   libc:mbschr.obj
 0001:00045617       __strdup                   00448617 f   libc:strdup.obj
 0001:00045642       __handle_qnan1             00448642 f   libc:fpexcept.obj
 0001:00045695       __handle_qnan2             00448695 f   libc:fpexcept.obj
 0001:000456f4       __except1                  004486f4 f   libc:fpexcept.obj
 0001:0004578c       __except2                  0044878c f   libc:fpexcept.obj
 0001:00045831       __raise_exc                00448831 f   libc:fpexcept.obj
 0001:00045ae4       __handle_exc               00448ae4 f   libc:fpexcept.obj
 0001:00045cfb       __umatherr                 00448cfb f   libc:fpexcept.obj
 0001:00045d83       __set_errno                00448d83 f   libc:fpexcept.obj
 0001:00045dce       __errcode                  00448dce f   libc:fpexcept.obj
 0001:00045dfb       __matherr                  00448dfb f   libc:matherr.obj
 0001:00045dfe       __statfp                   00448dfe f   libc:fpctrl.obj
 0001:00045e0c       __clrfp                    00448e0c f   libc:fpctrl.obj
 0001:00045e1b       __ctrlfp                   00448e1b f   libc:fpctrl.obj
 0001:00045e3e       __set_statfp               00448e3e f   libc:fpctrl.obj
 0001:00045e94       _ldexp                     00448e94 f   libc:ldexp.obj
 0001:0004607a       __chsize                   0044907a f   libc:chsize.obj
 0001:000461c0       ___ld12mul                 004491c0 f   libc:tenpow.obj
 0001:000463e0       ___multtenpow12            004493e0 f   libc:tenpow.obj
 0001:0004645c       __setmode                  0044945c f   libc:setmode.obj
 0001:000464d2       _MessageBoxA@16            004494d2 f   user32:USER32.dll
 0001:000464e0       _GetCommandLineA@0         004494e0 f   kernel32:KERNEL32.dll
 0001:000464e6       _AllocConsole@0            004494e6 f   kernel32:KERNEL32.dll
 0001:000464ec       _GetStdHandle@4            004494ec f   kernel32:KERNEL32.dll
 0001:000464f2       _QueryPerformanceCounter@4 004494f2 f   kernel32:KERNEL32.dll
 0001:000464f8       _QueryPerformanceFrequency@4 004494f8 f   kernel32:KERNEL32.dll
 0001:000464fe       _GetVersionExA@4           004494fe f   kernel32:KERNEL32.dll
 0001:00046504       _FormatMessageA@28         00449504 f   kernel32:KERNEL32.dll
 0001:0004650a       _GetLastError@0            0044950a f   kernel32:KERNEL32.dll
 0001:00046510       _GetProcAddress@8          00449510 f   kernel32:KERNEL32.dll
 0001:00046516       _GetModuleHandleA@4        00449516 f   kernel32:KERNEL32.dll
 0001:0004651c       _DeleteFileA@4             0044951c f   kernel32:KERNEL32.dll
 0001:00046522       _WriteFile@20              00449522 f   kernel32:KERNEL32.dll
 0001:00046528       _ReadFile@20               00449528 f   kernel32:KERNEL32.dll
 0001:0004652e       _SetFilePointer@16         0044952e f   kernel32:KERNEL32.dll
 0001:00046534       _CreateFileA@28            00449534 f   kernel32:KERNEL32.dll
 0001:0004653a       _CloseHandle@4             0044953a f   kernel32:KERNEL32.dll
 0001:00046540       _GetFileSize@8             00449540 f   kernel32:KERNEL32.dll
 0001:00046546       _UnmapViewOfFile@4         00449546 f   kernel32:KERNEL32.dll
 0001:0004654c       _IsBadReadPtr@8            0044954c f   kernel32:KERNEL32.dll
 0001:00046552       _MapViewOfFile@20          00449552 f   kernel32:KERNEL32.dll
 0001:00046558       _CreateFileMappingA@24     00449558 f   kernel32:KERNEL32.dll
 0001:0004655e       _GetFileType@4             0044955e f   kernel32:KERNEL32.dll
 0001:00046564       _GetFileAttributesA@4      00449564 f   kernel32:KERNEL32.dll
 0001:0004656a       _SearchPathA@24            0044956a f   kernel32:KERNEL32.dll
 0001:00046570       _LoadLibraryExA@12         00449570 f   kernel32:KERNEL32.dll
 0001:00046576       _GetVersion@0              00449576 f   kernel32:KERNEL32.dll
 0001:0004657c       _ExitProcess@4             0044957c f   kernel32:KERNEL32.dll
 0001:00046582       _FindClose@4               00449582 f   kernel32:KERNEL32.dll
 0001:00046588       _FileTimeToSystemTime@8    00449588 f   kernel32:KERNEL32.dll
 0001:0004658e       _FileTimeToLocalFileTime@8 0044958e f   kernel32:KERNEL32.dll
 0001:00046594       _GetDriveTypeA@4           00449594 f   kernel32:KERNEL32.dll
 0001:0004659a       _FindFirstFileA@8          0044959a f   kernel32:KERNEL32.dll
 0001:000465a0       _TerminateProcess@8        004495a0 f   kernel32:KERNEL32.dll
 0001:000465a6       _GetCurrentProcess@0       004495a6 f   kernel32:KERNEL32.dll
 0001:000465ac       _GetFileInformationByHandle@8 004495ac f   kernel32:KERNEL32.dll
 0001:000465b2       _PeekNamedPipe@24          004495b2 f   kernel32:KERNEL32.dll
 0001:000465b8       _HeapFree@12               004495b8 f   kernel32:KERNEL32.dll
 0001:000465be       _HeapAlloc@12              004495be f   kernel32:KERNEL32.dll
 0001:000465c4       _HeapReAlloc@16            004495c4 f   kernel32:KERNEL32.dll
 0001:000465ca       _UnhandledExceptionFilter@4 004495ca f   kernel32:KERNEL32.dll
 0001:000465d0       _GetModuleFileNameA@12     004495d0 f   kernel32:KERNEL32.dll
 0001:000465d6       _FreeEnvironmentStringsA@4 004495d6 f   kernel32:KERNEL32.dll
 0001:000465dc       _FreeEnvironmentStringsW@4 004495dc f   kernel32:KERNEL32.dll
 0001:000465e2       _WideCharToMultiByte@32    004495e2 f   kernel32:KERNEL32.dll
 0001:000465e8       _GetEnvironmentStrings@0   004495e8 f   kernel32:KERNEL32.dll
 0001:000465ee       _GetEnvironmentStringsW@0  004495ee f   kernel32:KERNEL32.dll
 0001:000465f4       _SetHandleCount@4          004495f4 f   kernel32:KERNEL32.dll
 0001:000465fa       _GetStartupInfoA@4         004495fa f   kernel32:KERNEL32.dll
 0001:00046600       _GetEnvironmentVariableA@12 00449600 f   kernel32:KERNEL32.dll
 0001:00046606       _HeapDestroy@4             00449606 f   kernel32:KERNEL32.dll
 0001:0004660c       _HeapCreate@12             0044960c f   kernel32:KERNEL32.dll
 0001:00046612       _VirtualFree@12            00449612 f   kernel32:KERNEL32.dll
 0001:00046618       _RtlUnwind@16              00449618 f   kernel32:KERNEL32.dll
 0001:0004661e       _GetFullPathNameA@16       0044961e f   kernel32:KERNEL32.dll
 0001:00046624       _GetCurrentDirectoryA@8    00449624 f   kernel32:KERNEL32.dll
 0001:0004662a       _SetCurrentDirectoryA@4    0044962a f   kernel32:KERNEL32.dll
 0001:00046630       _FlushFileBuffers@4        00449630 f   kernel32:KERNEL32.dll
 0001:00046636       _MultiByteToWideChar@24    00449636 f   kernel32:KERNEL32.dll
 0001:0004663c       _GetStringTypeA@20         0044963c f   kernel32:KERNEL32.dll
 0001:00046642       _GetStringTypeW@16         00449642 f   kernel32:KERNEL32.dll
 0001:00046648       _LCMapStringA@24           00449648 f   kernel32:KERNEL32.dll
 0001:0004664e       _LCMapStringW@24           0044964e f   kernel32:KERNEL32.dll
 0001:00046654       _SetConsoleCtrlHandler@8   00449654 f   kernel32:KERNEL32.dll
 0001:0004665a       _SetStdHandle@8            0044965a f   kernel32:KERNEL32.dll
 0001:00046660       _VirtualAlloc@16           00449660 f   kernel32:KERNEL32.dll
 0001:00046666       _IsBadWritePtr@8           00449666 f   kernel32:KERNEL32.dll
 0001:0004666c       _GetCPInfo@8               0044966c f   kernel32:KERNEL32.dll
 0001:00046672       _GetACP@0                  00449672 f   kernel32:KERNEL32.dll
 0001:00046678       _GetOEMCP@0                00449678 f   kernel32:KERNEL32.dll
 0001:0004667e       _LoadLibraryA@4            0044967e f   kernel32:KERNEL32.dll
 0001:00046684       _GetTimeZoneInformation@4  00449684 f   kernel32:KERNEL32.dll
 0001:0004668a       _CompareStringA@24         0044968a f   kernel32:KERNEL32.dll
 0001:00046690       _CompareStringW@24         00449690 f   kernel32:KERNEL32.dll
 0001:00046696       _SetEnvironmentVariableA@8 00449696 f   kernel32:KERNEL32.dll
 0001:0004669c       _RaiseException@16         0044969c f   kernel32:KERNEL32.dll
 0001:000466a2       _SetEndOfFile@4            004496a2 f   kernel32:KERNEL32.dll
 0001:000466b0       _jwe_fjci                  004496b0 f   fj90f:jwe_fjci.obj
 0001:000466e0       _jwe_fvav                  004496e0 f   fj90f:jwe_fu8f.obj
 0001:00046730       _jwe_fumu                  00449730 f   fj90f:jwe_fu8f.obj
 0001:000467c0       _jwe_fvvv                  004497c0 f   fj90f:jwe_fu8f.obj
 0001:00046810       _jwe_fjcv                  00449810 f   fj90f:jwe_fjcv.obj
 0001:00046830       _jwe_fjdu                  00449830 f   fj90f:jwe_fjdu.obj
 0001:000469d0       _jwe_fnzb                  004499d0 f   fj90f:jwe_fnzb.obj
 0001:00046b10       _f_a8sb                    00449b10 f   fj90f:jwe_fjsb.obj
 0001:00046c80       _g_dbleq                   00449c80 f   fj90g:jwe_gdbq.obj
 0001:00046e50       _g_aqcj                    00449e50 f   fj90g:jwe_gqcj.obj
 0001:00046fe0       _main                      00449fe0 f   fj90i:jwe_xrt0.obj
 0001:000470d0       _fstat                     0044a0d0 f   libc:fstat.obj
 0001:000470d0       __fstat                    0044a0d0 f   libc:fstat.obj
 0001:00047348       _fileno                    0044a348 f   libc:fileno.obj
 0001:00047348       __fileno                   0044a348 f   libc:fileno.obj
 0001:00047350       __cprintf                  0044a350 f   libc:cprintf.obj
 0001:00047350       _cprintf                   0044a350 f   libc:cprintf.obj
 0001:00047b32       _tempnam                   0044ab32 f   libc:tempnam.obj
 0001:00047b32       __tempnam                  0044ab32 f   libc:tempnam.obj
 0001:00047d19       _remove                    0044ad19 f   libc:unlink.obj
 0001:00047d43       __unlink                   0044ad43 f   libc:unlink.obj
 0001:00047d43       _unlink                    0044ad43 f   libc:unlink.obj
 0001:00047d50       _strnicmp                  0044ad50 f   libc:strnicmp.obj
 0001:00047d50       __strnicmp                 0044ad50 f   libc:strnicmp.obj
 0001:00047dfd       __putch                    0044adfd f   libc:putch.obj
 0001:00047e41       __itoa                     0044ae41 f   libc:xtoa.obj
 0001:00047eca       __ltoa                     0044aeca f   libc:xtoa.obj
 0001:00047ef4       __ultoa                    0044aef4 f   libc:xtoa.obj
 0001:00047f0f       __i64toa                   0044af0f f   libc:xtoa.obj
 0001:00047fc6       __ui64toa                  0044afc6 f   libc:xtoa.obj
 0001:00047fe1       __rmtmp                    0044afe1 f   libc:rmtmp.obj
 0001:0004801d       __access                   0044b01d f   libc:access.obj
 0001:00048061       ___initconin               0044b061 f   libc:initcon.obj
 0001:00048080       ___initconout              0044b080 f   libc:initcon.obj
 0001:0004809f       ___termcon                 0044b09f f   libc:initcon.obj
 0001:000480cc       _WriteConsoleA@20          0044b0cc f   kernel32:KERNEL32.dll
 0002:00000000       __imp__HeapReAlloc@16      0044c000     kernel32:KERNEL32.dll
 0002:00000004       __imp__GetCommandLineA@0   0044c004     kernel32:KERNEL32.dll
 0002:00000008       __imp__AllocConsole@0      0044c008     kernel32:KERNEL32.dll
 0002:0000000c       __imp__GetStdHandle@4      0044c00c     kernel32:KERNEL32.dll
 0002:00000010       __imp__QueryPerformanceCounter@4 0044c010     kernel32:KERNEL32.dll
 0002:00000014       __imp__QueryPerformanceFrequency@4 0044c014     kernel32:KERNEL32.dll
 0002:00000018       __imp__GetVersionExA@4     0044c018     kernel32:KERNEL32.dll
 0002:0000001c       __imp__FormatMessageA@28   0044c01c     kernel32:KERNEL32.dll
 0002:00000020       __imp__GetLastError@0      0044c020     kernel32:KERNEL32.dll
 0002:00000024       __imp__GetProcAddress@8    0044c024     kernel32:KERNEL32.dll
 0002:00000028       __imp__GetModuleHandleA@4  0044c028     kernel32:KERNEL32.dll
 0002:0000002c       __imp__DeleteFileA@4       0044c02c     kernel32:KERNEL32.dll
 0002:00000030       __imp__WriteFile@20        0044c030     kernel32:KERNEL32.dll
 0002:00000034       __imp__ReadFile@20         0044c034     kernel32:KERNEL32.dll
 0002:00000038       __imp__SetFilePointer@16   0044c038     kernel32:KERNEL32.dll
 0002:0000003c       __imp__CreateFileA@28      0044c03c     kernel32:KERNEL32.dll
 0002:00000040       __imp__CloseHandle@4       0044c040     kernel32:KERNEL32.dll
 0002:00000044       __imp__GetFileSize@8       0044c044     kernel32:KERNEL32.dll
 0002:00000048       __imp__UnmapViewOfFile@4   0044c048     kernel32:KERNEL32.dll
 0002:0000004c       __imp__IsBadReadPtr@8      0044c04c     kernel32:KERNEL32.dll
 0002:00000050       __imp__MapViewOfFile@20    0044c050     kernel32:KERNEL32.dll
 0002:00000054       __imp__CreateFileMappingA@24 0044c054     kernel32:KERNEL32.dll
 0002:00000058       __imp__GetFileType@4       0044c058     kernel32:KERNEL32.dll
 0002:0000005c       __imp__GetFileAttributesA@4 0044c05c     kernel32:KERNEL32.dll
 0002:00000060       __imp__SearchPathA@24      0044c060     kernel32:KERNEL32.dll
 0002:00000064       __imp__LoadLibraryExA@12   0044c064     kernel32:KERNEL32.dll
 0002:00000068       __imp__GetVersion@0        0044c068     kernel32:KERNEL32.dll
 0002:0000006c       __imp__ExitProcess@4       0044c06c     kernel32:KERNEL32.dll
 0002:00000070       __imp__FindClose@4         0044c070     kernel32:KERNEL32.dll
 0002:00000074       __imp__FileTimeToSystemTime@8 0044c074     kernel32:KERNEL32.dll
 0002:00000078       __imp__FileTimeToLocalFileTime@8 0044c078     kernel32:KERNEL32.dll
 0002:0000007c       __imp__GetDriveTypeA@4     0044c07c     kernel32:KERNEL32.dll
 0002:00000080       __imp__FindFirstFileA@8    0044c080     kernel32:KERNEL32.dll
 0002:00000084       __imp__TerminateProcess@8  0044c084     kernel32:KERNEL32.dll
 0002:00000088       __imp__GetCurrentProcess@0 0044c088     kernel32:KERNEL32.dll
 0002:0000008c       __imp__GetFileInformationByHandle@8 0044c08c     kernel32:KERNEL32.dll
 0002:00000090       __imp__PeekNamedPipe@24    0044c090     kernel32:KERNEL32.dll
 0002:00000094       __imp__HeapFree@12         0044c094     kernel32:KERNEL32.dll
 0002:00000098       __imp__HeapAlloc@12        0044c098     kernel32:KERNEL32.dll
 0002:0000009c       __imp__WriteConsoleA@20    0044c09c     kernel32:KERNEL32.dll
 0002:000000a0       __imp__UnhandledExceptionFilter@4 0044c0a0     kernel32:KERNEL32.dll
 0002:000000a4       __imp__GetModuleFileNameA@12 0044c0a4     kernel32:KERNEL32.dll
 0002:000000a8       __imp__FreeEnvironmentStringsA@4 0044c0a8     kernel32:KERNEL32.dll
 0002:000000ac       __imp__FreeEnvironmentStringsW@4 0044c0ac     kernel32:KERNEL32.dll
 0002:000000b0       __imp__WideCharToMultiByte@32 0044c0b0     kernel32:KERNEL32.dll
 0002:000000b4       __imp__GetEnvironmentStrings@0 0044c0b4     kernel32:KERNEL32.dll
 0002:000000b8       __imp__GetEnvironmentStringsW@0 0044c0b8     kernel32:KERNEL32.dll
 0002:000000bc       __imp__SetHandleCount@4    0044c0bc     kernel32:KERNEL32.dll
 0002:000000c0       __imp__GetStartupInfoA@4   0044c0c0     kernel32:KERNEL32.dll
 0002:000000c4       __imp__GetEnvironmentVariableA@12 0044c0c4     kernel32:KERNEL32.dll
 0002:000000c8       __imp__HeapDestroy@4       0044c0c8     kernel32:KERNEL32.dll
 0002:000000cc       __imp__HeapCreate@12       0044c0cc     kernel32:KERNEL32.dll
 0002:000000d0       __imp__VirtualFree@12      0044c0d0     kernel32:KERNEL32.dll
 0002:000000d4       __imp__RtlUnwind@16        0044c0d4     kernel32:KERNEL32.dll
 0002:000000d8       __imp__GetFullPathNameA@16 0044c0d8     kernel32:KERNEL32.dll
 0002:000000dc       __imp__GetCurrentDirectoryA@8 0044c0dc     kernel32:KERNEL32.dll
 0002:000000e0       __imp__SetCurrentDirectoryA@4 0044c0e0     kernel32:KERNEL32.dll
 0002:000000e4       __imp__FlushFileBuffers@4  0044c0e4     kernel32:KERNEL32.dll
 0002:000000e8       __imp__MultiByteToWideChar@24 0044c0e8     kernel32:KERNEL32.dll
 0002:000000ec       __imp__GetStringTypeA@20   0044c0ec     kernel32:KERNEL32.dll
 0002:000000f0       __imp__GetStringTypeW@16   0044c0f0     kernel32:KERNEL32.dll
 0002:000000f4       __imp__LCMapStringA@24     0044c0f4     kernel32:KERNEL32.dll
 0002:000000f8       __imp__LCMapStringW@24     0044c0f8     kernel32:KERNEL32.dll
 0002:000000fc       __imp__SetConsoleCtrlHandler@8 0044c0fc     kernel32:KERNEL32.dll
 0002:00000100       __imp__SetStdHandle@8      0044c100     kernel32:KERNEL32.dll
 0002:00000104       __imp__VirtualAlloc@16     0044c104     kernel32:KERNEL32.dll
 0002:00000108       __imp__IsBadWritePtr@8     0044c108     kernel32:KERNEL32.dll
 0002:0000010c       __imp__GetCPInfo@8         0044c10c     kernel32:KERNEL32.dll
 0002:00000110       __imp__GetACP@0            0044c110     kernel32:KERNEL32.dll
 0002:00000114       __imp__GetOEMCP@0          0044c114     kernel32:KERNEL32.dll
 0002:00000118       __imp__LoadLibraryA@4      0044c118     kernel32:KERNEL32.dll
 0002:0000011c       __imp__GetTimeZoneInformation@4 0044c11c     kernel32:KERNEL32.dll
 0002:00000120       __imp__CompareStringA@24   0044c120     kernel32:KERNEL32.dll
 0002:00000124       __imp__CompareStringW@24   0044c124     kernel32:KERNEL32.dll
 0002:00000128       __imp__SetEnvironmentVariableA@8 0044c128     kernel32:KERNEL32.dll
 0002:0000012c       __imp__RaiseException@16   0044c12c     kernel32:KERNEL32.dll
 0002:00000130       __imp__SetEndOfFile@4      0044c130     kernel32:KERNEL32.dll
 0002:00000134       \177KERNEL32_NULL_THUNK_DATA 0044c134     kernel32:KERNEL32.dll
 0002:00000138       __imp__MessageBoxA@16      0044c138     user32:USER32.dll
 0002:0000013c       \177USER32_NULL_THUNK_DATA 0044c13c     user32:USER32.dll
 0002:00000198       _jwe_sz__MAIN__            0044c198     ionort_discrete_grid_wf.obj
 0002:0000019c       _jwe_ssn__MAIN__           0044c19c     ionort_discrete_grid_wf.obj
 0002:00000610       _jwe_sz__readw_            0044c610     ionort_discrete_grid_wf.obj
 0002:00000614       _jwe_ssn__readw_           0044c614     ionort_discrete_grid_wf.obj
 0002:00000680       _jwe_sz__gridprofiles_     0044c680     ionort_discrete_grid_wf.obj
 0002:00000684       _jwe_ssn__gridprofiles_    0044c684     ionort_discrete_grid_wf.obj
 0002:000007f8       _jwe_sz__trace_            0044c7f8     ionort_discrete_grid_wf.obj
 0002:000007fc       _jwe_ssn__trace_           0044c7fc     ionort_discrete_grid_wf.obj
 0002:00000c48       _jwe_sz__reach_            0044cc48     ionort_discrete_grid_wf.obj
 0002:00000c4c       _jwe_ssn__reach_           0044cc4c     ionort_discrete_grid_wf.obj
 0002:00000f60       _jwe_sz__backup_           0044cf60     ionort_discrete_grid_wf.obj
 0002:00000f64       _jwe_ssn__backup_          0044cf64     ionort_discrete_grid_wf.obj
 0002:000010a0       _jwe_sz__graze_            0044d0a0     ionort_discrete_grid_wf.obj
 0002:000010a4       _jwe_ssn__graze_           0044d0a4     ionort_discrete_grid_wf.obj
 0002:00001200       _jwe_sz__polcar_           0044d200     ionort_discrete_grid_wf.obj
 0002:00001204       _jwe_ssn__polcar_          0044d204     ionort_discrete_grid_wf.obj
 0002:000012e8       _jwe_sz__carpol_           0044d2e8     ionort_discrete_grid_wf.obj
 0002:000012ec       _jwe_ssn__carpol_          0044d2ec     ionort_discrete_grid_wf.obj
 0002:000013d0       _jwe_sz__rkam_             0044d3d0     ionort_discrete_grid_wf.obj
 0002:000013d4       _jwe_ssn__rkam_            0044d3d4     ionort_discrete_grid_wf.obj
 0002:00001888       _jwe_sz__hamltn_           0044d888     ionort_discrete_grid_wf.obj
 0002:0000188c       _jwe_ssn__hamltn_          0044d88c     ionort_discrete_grid_wf.obj
 0002:000019b0       _jwe_sz__rindex_           0044d9b0     ionort_discrete_grid_wf.obj
 0002:000019b4       _jwe_ssn__rindex_          0044d9b4     ionort_discrete_grid_wf.obj
 0002:00001be0       _jwe_sz__magy_             0044dbe0     ionort_discrete_grid_wf.obj
 0002:00001be4       _jwe_ssn__magy_            0044dbe4     ionort_discrete_grid_wf.obj
 0002:00001ca8       _jwe_sz__electx_           0044dca8     ionort_discrete_grid_wf.obj
 0002:00001cac       _jwe_ssn__electx_          0044dcac     ionort_discrete_grid_wf.obj
 0002:00001ee0       _jwe_sz__latlon_           0044dee0     ionort_discrete_grid_wf.obj
 0002:00001ee4       _jwe_ssn__latlon_          0044dee4     ionort_discrete_grid_wf.obj
 0002:00001ff0       _jwe_sz__polcoe_           0044dff0     ionort_discrete_grid_wf.obj
 0002:00001ff4       _jwe_ssn__polcoe_          0044dff4     ionort_discrete_grid_wf.obj
 0002:00002178       _jwe_sz__elect1_           0044e178     ionort_discrete_grid_wf.obj
 0002:0000217c       _jwe_ssn__elect1_          0044e17c     ionort_discrete_grid_wf.obj
 0002:000021e0       _jwe_sz__zero_             0044e1e0     ionort_discrete_grid_wf.obj
 0002:000021e4       _jwe_ssn__zero_            0044e1e4     ionort_discrete_grid_wf.obj
 0002:00002240       _jwe_sz__rin_              0044e240     ionort_discrete_grid_wf.obj
 0002:00002244       _jwe_sz__xx_               0044e244     ionort_discrete_grid_wf.obj
 0002:00002248       _jwe_sz__yy_               0044e248     ionort_discrete_grid_wf.obj
 0002:0000224c       _jwe_sz__zz_               0044e24c     ionort_discrete_grid_wf.obj
 0002:000022e8       __real@40490fdb            0044e2e8     fj90g:jwe_gacs.obj
 0002:000022ec       __real@00000000            0044e2ec     fj90g:jwe_gacs.obj
 0002:000022f0       __real@3f800000            0044e2f0     fj90g:jwe_gacs.obj
 0002:000023a4       __real@bfc90fdb            0044e3a4     fj90g:jwe_gasn.obj
 0002:000023a8       __real@3fc90fdb            0044e3a8     fj90g:jwe_gasn.obj
 0002:000023ac       __real@3f000000            0044e3ac     fj90g:jwe_gasn.obj
 0002:000023b8       __real@3fb999999999999a    0044e3b8     fj90i:jwe_ildo.obj
 0002:000023c0       __real@0000000000000000    0044e3c0     fj90i:jwe_ildo.obj
 0002:000023c8       __real@3fb2492492492492    0044e3c8     fj90i:jwe_irio.obj
 0002:000023d0       __real@4024000000000000    0044e3d0     fj90i:jwe_irio.obj
 0002:000023d8       __real@3e112e0be826d695    0044e3d8     fj90i:jwe_irio.obj
 0002:000023e0       __real@bfb2492492492492    0044e3e0     fj90i:jwe_irio.obj
 0002:000023e8       __real@416312d000000000    0044e3e8     fj90i:jwe_irio.obj
 0002:000023f0       __real@3ff0000000000000    0044e3f0     fj90i:jwe_irio.obj
 0002:000023f8       __real@4180000000000000    0044e3f8     fj90i:jwe_irio.obj
 0002:00002400       __real@bfb999999999999a    0044e400     fj90i:jwe_irio.obj
 0002:0000246c       ??_C@_03MNBA@?4?1?2?$AA@   0044e46c     libc:stati64.obj
 0002:00002470       ??_C@_02DIIM@?$DP?$CK?$AA@ 0044e470     libc:stati64.obj
 0002:00002474       ??_C@_0BH@PHHF@__GLOBAL_HEAP_SELECTED?$AA@ 0044e474     libc:heapinit.obj
 0002:0000248c       ??_C@_0BF@BBGL@__MSVCRT_HEAP_SELECT?$AA@ 0044e48c     libc:heapinit.obj
 0002:000024a4       ??_C@_0P@GGKG@runtime?5error?5?$AA@ 0044e4a4     libc:crt0msg.obj
 0002:000024b4       ??_C@_02PIMC@?$AN?6?$AA@   0044e4b4     libc:crt0msg.obj
 0002:000024b8       ??_C@_0O@DELO@TLOSS?5error?$AN?6?$AA@ 0044e4b8     libc:crt0msg.obj
 0002:000024c8       ??_C@_0N@OMLL@SING?5error?$AN?6?$AA@ 0044e4c8     libc:crt0msg.obj
 0002:000024d8       ??_C@_0P@OJAK@DOMAIN?5error?$AN?6?$AA@ 0044e4d8     libc:crt0msg.obj
 0002:000024e8       ??_C@_0CF@EANP@R6028?$AN?6?9?5unable?5to?5initialize?5he@ 0044e4e8     libc:crt0msg.obj
 0002:00002510       ??_C@_0DF@ECGN@R6027?$AN?6?9?5not?5enough?5space?5for?5lo@ 0044e510     libc:crt0msg.obj
 0002:00002548       ??_C@_0DF@FKAC@R6026?$AN?6?9?5not?5enough?5space?5for?5st@ 0044e548     libc:crt0msg.obj
 0002:00002580       ??_C@_0CG@DPMN@R6025?$AN?6?9?5pure?5virtual?5function?5c@ 0044e580     libc:crt0msg.obj
 0002:000025a8       ??_C@_0DF@CKIP@R6024?$AN?6?9?5not?5enough?5space?5for?5_o@ 0044e5a8     libc:crt0msg.obj
 0002:000025e0       ??_C@_0CJ@GGOE@R6019?$AN?6?9?5unable?5to?5open?5console?5@ 0044e5e0     libc:crt0msg.obj
 0002:0000260c       ??_C@_0CB@LBOB@R6018?$AN?6?9?5unexpected?5heap?5error?$AN?6@ 0044e60c     libc:crt0msg.obj
 0002:00002630       ??_C@_0CN@FPEG@R6017?$AN?6?9?5unexpected?5multithread?5@ 0044e630     libc:crt0msg.obj
 0002:00002660       ??_C@_0CM@OBIC@R6016?$AN?6?9?5not?5enough?5space?5for?5th@ 0044e660     libc:crt0msg.obj
 0002:0000268c       ??_C@_0CB@HPAL@?$AN?6abnormal?5program?5termination?$AN?6@ 0044e68c     libc:crt0msg.obj
 0002:000026b0       ??_C@_0CM@JOOB@R6009?$AN?6?9?5not?5enough?5space?5for?5en@ 0044e6b0     libc:crt0msg.obj
 0002:000026dc       ??_C@_0CK@OIBL@R6008?$AN?6?9?5not?5enough?5space?5for?5ar@ 0044e6dc     libc:crt0msg.obj
 0002:00002708       ??_C@_0CF@LKPB@R6002?$AN?6?9?5floating?5point?5not?5load@ 0044e708     libc:crt0msg.obj
 0002:00002730       ??_C@_0CF@JPDF@Microsoft?5Visual?5C?$CL?$CL?5Runtime?5Lib@ 0044e730     libc:crt0msg.obj
 0002:00002758       ??_C@_02JJJH@?6?6?$AA@     0044e758     libc:crt0msg.obj
 0002:0000275c       ??_C@_0BK@DEOK@Runtime?5Error?$CB?6?6Program?3?5?$AA@ 0044e75c     libc:crt0msg.obj
 0002:00002778       ??_C@_03NAME@?4?4?4?$AA@   0044e778     libc:crt0msg.obj
 0002:0000277c       ??_C@_0BH@NNCD@?$DMprogram?5name?5unknown?$DO?$AA@ 0044e77c     libc:crt0msg.obj
 0002:00002798       __real@8@3fff8000000000000000 0044e798     libc:testfdiv.obj
 0002:000027a0       __real@8@4015800bf60000000000 0044e7a0     libc:testfdiv.obj
 0002:000027a8       __real@8@4014bffffc0000000000 0044e7a8     libc:testfdiv.obj
 0002:000027b0       ??_C@_0BK@JEGK@IsProcessorFeaturePresent?$AA@ 0044e7b0     libc:testfdiv.obj
 0002:000027cc       ??_C@_08OBID@KERNEL32?$AA@ 0044e7cc     libc:testfdiv.obj
 0002:000027d8       __real@8@00000000000000000000 0044e7d8     libc:cvt.obj
 0002:000027e0       ??_C@_05OFLO@e?$CL000?$AA@ 0044e7e0     libc:cvt.obj
 0002:000027e8       ??_C@_04GGNP@?4com?$AA@    0044e7e8     libc:stat.obj
 0002:000027f0       ??_C@_04KBDN@?4bat?$AA@    0044e7f0     libc:stat.obj
 0002:000027f8       ??_C@_04LFKF@?4cmd?$AA@    0044e7f8     libc:stat.obj
 0002:00002800       ??_C@_04NFOM@?4exe?$AA@    0044e800     libc:stat.obj
 0002:00002808       ___lookuptable             0044e808     libc:output.obj
 0002:00002864       ??_C@_1O@POHA@?$AA?$CI?$AAn?$AAu?$AAl?$AAl?$AA?$CJ?$AA?$AA@ 0044e864     libc:output.obj
 0002:00002874       ??_C@_06ONKE@?$CInull?$CJ?$AA@ 0044e874     libc:output.obj
 0002:0000287c       ??_C@_01A@?$AA?$AA@        0044e87c     libc:a_str.obj
 0002:00002880       ??_C@_13A@?$AA?$AA?$AA?$AA@ 0044e880     libc:a_str.obj
 0002:000028b8       __DEFAULT_CW_in_mem        0044e8b8     libc:common.obj
 0002:000028ba       __pi_by_2_to_61            0044e8ba     libc:common.obj
 0002:000028f8       __real@8@40008000000000000000 0044e8f8     libc:powhlp.obj
 0002:00002900       ??_C@_0BG@JPLP@Illegal?5byte?5sequence?$AA@ 0044e900     libc:syserr.obj
 0002:00002918       ??_C@_0BE@FLBN@Directory?5not?5empty?$AA@ 0044e918     libc:syserr.obj
 0002:0000292c       ??_C@_0BJ@KAFL@Function?5not?5implemented?$AA@ 0044e92c     libc:syserr.obj
 0002:00002948       ??_C@_0BD@CEML@No?5locks?5available?$AA@ 0044e948     libc:syserr.obj
 0002:0000295c       ??_C@_0BC@GADJ@Filename?5too?5long?$AA@ 0044e95c     libc:syserr.obj
 0002:00002970       ??_C@_0BK@FNFN@Resource?5deadlock?5avoided?$AA@ 0044e970     libc:syserr.obj
 0002:0000298c       ??_C@_0BB@EALI@Result?5too?5large?$AA@ 0044e98c     libc:syserr.obj
 0002:000029a0       ??_C@_0N@FIAN@Domain?5error?$AA@ 0044e9a0     libc:syserr.obj
 0002:000029b0       ??_C@_0M@CLKF@Broken?5pipe?$AA@ 0044e9b0     libc:syserr.obj
 0002:000029bc       ??_C@_0P@OFDM@Too?5many?5links?$AA@ 0044e9bc     libc:syserr.obj
 0002:000029cc       ??_C@_0BG@OHDM@Read?9only?5file?5system?$AA@ 0044e9cc     libc:syserr.obj
 0002:000029e4       ??_C@_0N@NGPA@Invalid?5seek?$AA@ 0044e9e4     libc:syserr.obj
 0002:000029f4       ??_C@_0BI@DMFE@No?5space?5left?5on?5device?$AA@ 0044e9f4     libc:syserr.obj
 0002:00002a0c       ??_C@_0P@OPNK@File?5too?5large?$AA@ 0044ea0c     libc:syserr.obj
 0002:00002a1c       ??_C@_0CE@BADJ@Inappropriate?5I?1O?5control?5operat@ 0044ea1c     libc:syserr.obj
 0002:00002a40       ??_C@_0BE@COOK@Too?5many?5open?5files?$AA@ 0044ea40     libc:syserr.obj
 0002:00002a54       ??_C@_0BO@ELHF@Too?5many?5open?5files?5in?5system?$AA@ 0044ea54     libc:syserr.obj
 0002:00002a74       ??_C@_0BB@IHAB@Invalid?5argument?$AA@ 0044ea74     libc:syserr.obj
 0002:00002a88       ??_C@_0P@NDNC@Is?5a?5directory?$AA@ 0044ea88     libc:syserr.obj
 0002:00002a98       ??_C@_0BA@JMMO@Not?5a?5directory?$AA@ 0044ea98     libc:syserr.obj
 0002:00002aa8       ??_C@_0P@GFAI@No?5such?5device?$AA@ 0044eaa8     libc:syserr.obj
 0002:00002ab8       ??_C@_0O@KHHM@Improper?5link?$AA@ 0044eab8     libc:syserr.obj
 0002:00002ac8       ??_C@_0M@EPHJ@File?5exists?$AA@ 0044eac8     libc:syserr.obj
 0002:00002ad4       ??_C@_0BA@LPOH@Resource?5device?$AA@ 0044ead4     libc:syserr.obj
 0002:00002ae4       ??_C@_0O@NOFB@Unknown?5error?$AA@ 0044eae4     libc:syserr.obj
 0002:00002af4       ??_C@_0M@MLJM@Bad?5address?$AA@ 0044eaf4     libc:syserr.obj
 0002:00002b00       ??_C@_0BC@DJON@Permission?5denied?$AA@ 0044eb00     libc:syserr.obj
 0002:00002b14       ??_C@_0BB@KDDC@Not?5enough?5space?$AA@ 0044eb14     libc:syserr.obj
 0002:00002b28       ??_C@_0CB@BBBH@Resource?5temporarily?5unavailable@ 0044eb28     libc:syserr.obj
 0002:00002b4c       ??_C@_0BD@ODIH@No?5child?5processes?$AA@ 0044eb4c     libc:syserr.obj
 0002:00002b60       ??_C@_0BE@CDDH@Bad?5file?5descriptor?$AA@ 0044eb60     libc:syserr.obj
 0002:00002b74       ??_C@_0BC@BICL@Exec?5format?5error?$AA@ 0044eb74     libc:syserr.obj
 0002:00002b88       ??_C@_0BC@IGMC@Arg?5list?5too?5long?$AA@ 0044eb88     libc:syserr.obj
 0002:00002b9c       ??_C@_0BK@HLB@No?5such?5device?5or?5address?$AA@ 0044eb9c     libc:syserr.obj
 0002:00002bb8       ??_C@_0BD@MPKK@Input?1output?5error?$AA@ 0044ebb8     libc:syserr.obj
 0002:00002bcc       ??_C@_0BK@ODCM@Interrupted?5function?5call?$AA@ 0044ebcc     libc:syserr.obj
 0002:00002be8       ??_C@_0BA@BPKN@No?5such?5process?$AA@ 0044ebe8     libc:syserr.obj
 0002:00002bf8       ??_C@_0BK@IEMO@No?5such?5file?5or?5directory?$AA@ 0044ebf8     libc:syserr.obj
 0002:00002c14       ??_C@_0BI@IIAE@Operation?5not?5permitted?$AA@ 0044ec14     libc:syserr.obj
 0002:00002c2c       ??_C@_08KKBH@No?5error?$AA@ 0044ec2c     libc:syserr.obj
 0002:00002c38       ??_C@_0BD@NJFP@GetLastActivePopup?$AA@ 0044ec38     libc:crtmbox.obj
 0002:00002c4c       ??_C@_0BA@GILI@GetActiveWindow?$AA@ 0044ec4c     libc:crtmbox.obj
 0002:00002c5c       ??_C@_0M@PKCK@MessageBoxA?$AA@ 0044ec5c     libc:crtmbox.obj
 0002:00002c68       ??_C@_0L@HKL@user32?4dll?$AA@ 0044ec68     libc:crtmbox.obj
 0002:00002c74       ___dnames                  0044ec74     libc:timeset.obj
 0002:00002c8c       ___mnames                  0044ec8c     libc:timeset.obj
 0002:00002cb4       ??_C@_02JHIA@TZ?$AA@       0044ecb4     libc:tzset.obj
 0002:00002cd0       ??_C@_06PAPI@1?$CDQNAN?$AA@ 0044ecd0     libc:x10fout.obj
 0002:00002cd8       ??_C@_05BGNL@1?$CDINF?$AA@ 0044ecd8     libc:x10fout.obj
 0002:00002ce0       ??_C@_05EDPF@1?$CDIND?$AA@ 0044ece0     libc:x10fout.obj
 0002:00002ce8       ??_C@_06LKFM@1?$CDSNAN?$AA@ 0044ece8     libc:x10fout.obj
 0002:00002cf0       ??_C@_03GAFO@_yn?$AA@      0044ecf0     libc:fpexcept.obj
 0002:00002cf4       ??_C@_03GNLD@_y1?$AA@      0044ecf4     libc:fpexcept.obj
 0002:00002cf8       ??_C@_03MHCE@_y0?$AA@      0044ecf8     libc:fpexcept.obj
 0002:00002cfc       ??_C@_05PAK@frexp?$AA@     0044ecfc     libc:fpexcept.obj
 0002:00002d04       ??_C@_04JKCH@fmod?$AA@     0044ed04     libc:fpexcept.obj
 0002:00002d0c       ??_C@_06GGHF@_hypot?$AA@   0044ed0c     libc:fpexcept.obj
 0002:00002d14       ??_C@_05JNMC@_cabs?$AA@    0044ed14     libc:fpexcept.obj
 0002:00002d1c       ??_C@_05MEKH@ldexp?$AA@    0044ed1c     libc:fpexcept.obj
 0002:00002d24       ??_C@_04KAOJ@modf?$AA@     0044ed24     libc:fpexcept.obj
 0002:00002d2c       ??_C@_04EHAJ@fabs?$AA@     0044ed2c     libc:fpexcept.obj
 0002:00002d34       ??_C@_05MFBN@floor?$AA@    0044ed34     libc:fpexcept.obj
 0002:00002d3c       ??_C@_04JJMP@ceil?$AA@     0044ed3c     libc:fpexcept.obj
 0002:00002d44       ??_C@_03JLPI@tan?$AA@      0044ed44     libc:fpexcept.obj
 0002:00002d48       ??_C@_03DLFL@cos?$AA@      0044ed48     libc:fpexcept.obj
 0002:00002d4c       ??_C@_03JAMN@sin?$AA@      0044ed4c     libc:fpexcept.obj
 0002:00002d50       ??_C@_04LMBE@sqrt?$AA@     0044ed50     libc:fpexcept.obj
 0002:00002d58       ??_C@_05BFPO@atan2?$AA@    0044ed58     libc:fpexcept.obj
 0002:00002d60       ??_C@_04EAGN@atan?$AA@     0044ed60     libc:fpexcept.obj
 0002:00002d68       ??_C@_04OAMO@acos?$AA@     0044ed68     libc:fpexcept.obj
 0002:00002d70       ??_C@_04ELFI@asin?$AA@     0044ed70     libc:fpexcept.obj
 0002:00002d78       ??_C@_04LFAD@tanh?$AA@     0044ed78     libc:fpexcept.obj
 0002:00002d80       ??_C@_04PFKD@cosh?$AA@     0044ed80     libc:fpexcept.obj
 0002:00002d88       ??_C@_04NPAI@sinh?$AA@     0044ed88     libc:fpexcept.obj
 0002:00002d90       ??_C@_05IJHH@log10?$AA@    0044ed90     libc:fpexcept.obj
 0002:00002d98       ??_C@_03BGKD@log?$AA@      0044ed98     libc:fpexcept.obj
 0002:00002d9c       ??_C@_03EGFG@pow?$AA@      0044ed9c     libc:fpexcept.obj
 0002:00002da0       ??_C@_03CDGJ@exp?$AA@      0044eda0     libc:fpexcept.obj
 0002:0000303c       ??_C@_01PJCK@?4?$AA@       0044f03c     libc:tempnam.obj
 0002:00003040       ??_C@_01PCFE@?2?$AA@       0044f040     libc:tempnam.obj
 0002:00003044       ??_C@_03LDNL@TMP?$AA@      0044f044     libc:tempnam.obj
 0002:00003048       ??_C@_06MICP@CONIN$?$AA@   0044f048     libc:initcon.obj
 0002:00003050       ??_C@_07GLCC@CONOUT$?$AA@  0044f050     libc:initcon.obj
 0002:00003058       __IMPORT_DESCRIPTOR_USER32 0044f058     user32:USER32.dll
 0002:0000306c       __IMPORT_DESCRIPTOR_KERNEL32 0044f06c     kernel32:KERNEL32.dll
 0002:00003080       __NULL_IMPORT_DESCRIPTOR   0044f080     user32:USER32.dll
 0003:00000000       ___xc_a                    00450000     libc:crt0init.obj
 0003:00000004       ___xc_z                    00450004     libc:crt0init.obj
 0003:00000008       ___xi_a                    00450008     libc:crt0init.obj
 0003:00000014       ___xi_z                    00450014     libc:crt0init.obj
 0003:00000018       ___xp_a                    00450018     libc:crt0init.obj
 0003:00000028       ___xp_z                    00450028     libc:crt0init.obj
 0003:0000002c       ___xt_a                    0045002c     libc:crt0init.obj
 0003:00000030       ___xt_z                    00450030     libc:crt0init.obj
 0003:000020e0       _rin_                      004520e0     ionort_discrete_grid_wf.obj
 0003:00002168       _xx_                       00452168     ionort_discrete_grid_wf.obj
 0003:00002188       _yy_                       00452188     ionort_discrete_grid_wf.obj
 0003:000021d0       _zz_                       004521d0     ionort_discrete_grid_wf.obj
 0003:00002848       _jwe_lca                   00452848     fj90i:jwe_xilc.obj
 0003:00004bf0       _jwe_efcs                  00454bf0     fj90i:jwe_eerm.obj
 0003:00006b98       _jwe_iend                  00456b98     fj90i:jwe_iend.obj
 0003:000074b0       _jwe_ertb                  004574b0     fj90i:jwe_ertb.obj
 0003:0000908c       _jwe_emto                  0045908c     fj90i:jwe_emso.obj
 0003:00009090       _jwe_emno                  00459090     fj90i:jwe_emso.obj
 0003:000090a0       _jwe_emio                  004590a0     fj90i:jwe_emso.obj
 0003:000098a8       _jwe_emts                  004598a8     fj90i:jwe_emss.obj
 0003:000098b4       _jwe_emns                  004598b4     fj90i:jwe_emss.obj
 0003:000098d4       _jwe_emis                  004598d4     fj90i:jwe_emss.obj
 0003:0000bd40       _jwe_emtf                  0045bd40     fj90i:jwe_emsf.obj
 0003:0000bd48       _jwe_emnf                  0045bd48     fj90i:jwe_emsf.obj
 0003:0000bd60       _jwe_emif                  0045bd60     fj90i:jwe_emsf.obj
 0003:0000c7f0       _jwe_emti                  0045c7f0     fj90i:jwe_emsi.obj
 0003:0000c810       _jwe_emni                  0045c810     fj90i:jwe_emsi.obj
 0003:0000c858       _jwe_emii                  0045c858     fj90i:jwe_emsi.obj
[...]
 0001:00015100       _jwe_isc6                  00418100 f   fj90i:jwe_iscf.obj
 0001:00015130       _jwe_isc7                  00418130 f   fj90i:jwe_iscf.obj
 0001:000151b0       _jwe_isc8                  004181b0 f   fj90i:jwe_iscf.obj
 0001:00015260       _jwe_isc9                  00418260 f   fj90i:jwe_iscf.obj
 0001:00015270       _jwe_is10                  00418270 f   fj90i:jwe_iscf.obj
 0001:00015280       _jwe_is11                  00418280 f   fj90i:jwe_iscf.obj
 0001:00015290       _jwe_iser                  00418290 f   fj90i:jwe_iscf.obj
 0001:00011560       _jwe_iife                  00414560 f   fj90i:jwe_iedi.obj
 0001:000116a0       _jwe_iiip                  004146a0 f   fj90i:jwe_iedi.obj
 0001:00011940       _jwe_iimv                  00414940 f   fj90i:jwe_iedi.obj
 0001:00011a20       _jwe_iidp                  00414a20 f   fj90i:jwe_iedi.obj
 0001:00011c10       _jwe_idmv                  00414c10 f   fj90i:jwe_iedi.obj
 0001:00011ce0       _jwe_iiex                  00414ce0 f   fj90i:jwe_iedi.obj
 0001:00011df0       _jwe_iexp                  00414df0 f   fj90i:jwe_iedi.obj
 0001:00011f20       _jwe_iied                  00414f20 f   fj90i:jwe_iedi.obj
 0001:00012040       _jwe_iiif                  00415040 f   fj90i:jwe_iedi.obj
 0001:00012110       _jwe_iiec                  00415110 f   fj90i:jwe_iedi.obj
 0001:00012160       _jwe_iieo                  00415160 f   fj90i:jwe_iedi.obj
 0001:00012200       _jwe_iiri                  00415200 f   fj90i:jwe_iedi.obj
 0001:00012300       _jwe_iini                  00415300 f   fj90i:jwe_iedi.obj
 0001:00012460       _jwe_iiie                  00415460 f   fj90i:jwe_iedi.obj
 0001:00012b70       _jwe_iile                  00415b70 f   fj90i:jwe_iedi.obj
 0001:00012e80       _jwe_iize                  00415e80 f   fj90i:jwe_iedi.obj
 0001:000132a0       _jwe_iizs                  004162a0 f   fj90i:jwe_iedi.obj
 0001:00013630       _jwe_iiae                  00416630 f   fj90i:jwe_iedi.obj
 0001:000136d0       _jwe_iiaw                  004166d0 f   fj90i:jwe_iedi.obj
 0001:00013830       _jwe_iire                  00416830 f   fj90i:jwe_iedi.obj
 0001:000139b0       _jwe_iibe                  004169b0 f   fj90i:jwe_iedi.obj
 0001:00013d40       _jwe_iibs                  00416d40 f   fj90i:jwe_iedi.obj
 0001:00014020       _jwe_iioe                  00417020 f   fj90i:jwe_iedi.obj
 0001:00014390       _jwe_iios                  00417390 f   fj90i:jwe_iedi.obj
 0001:000146a0       _jwe_iige                  004176a0 f   fj90i:jwe_iedi.obj
 0001:000146c0       _jwe_iine                  004176c0 f   fj90i:jwe_iedi.obj
 0001:000146d0       _jwe_iief                  004176d0 f   fj90i:jwe_iedi.obj
 0001:00014ac0       _jwe_iiqe                  00417ac0 f   fj90i:jwe_iedi.obj
 0001:0000e4d0       _jwe_iofe                  004114d0 f   fj90i:jwe_iedo.obj
 0001:0000e740       _jwe_ioed                  00411740 f   fj90i:jwe_iedo.obj
 0001:0000f0c0       _jwe_ior0                  004120c0 f   fj90i:jwe_iedo.obj
 0001:0000f250       _jwe_ioni                  00412250 f   fj90i:jwe_iedo.obj
 0001:0000f310       _jwe_ioic                  00412310 f   fj90i:jwe_iedo.obj
 0001:0000f530       _jwe_ioge                  00412530 f   fj90i:jwe_iedo.obj
 0001:0000f570       _jwe_iocl                  00412570 f   fj90i:jwe_iedo.obj
 0001:0000f5a0       _jwe_ioie                  004125a0 f   fj90i:jwe_iedo.obj
 0001:0000f860       _jwe_ioig                  00412860 f   fj90i:jwe_iedo.obj
 0001:0000fb00       _jwe_iole                  00412b00 f   fj90i:jwe_iedo.obj
 0001:0000fbe0       _jwe_ioaw                  00412be0 f   fj90i:jwe_iedo.obj
 0001:0000fc70       _jwe_ioae                  00412c70 f   fj90i:jwe_iedo.obj
 0001:0000fca0       _jwe_iozs                  00412ca0 f   fj90i:jwe_iedo.obj
 0001:0000fef0       _jwe_ioze                  00412ef0 f   fj90i:jwe_iedo.obj
 0001:000100f0       _jwe_ioen                  004130f0 f   fj90i:jwe_iedo.obj
 0001:000105a0       _jwe_ioes                  004135a0 f   fj90i:jwe_iedo.obj
 0001:00010940       _jwe_iore                  00413940 f   fj90i:jwe_iedo.obj
 0001:000109d0       _jwe_iobs                  004139d0 f   fj90i:jwe_iedo.obj
 0001:00010cc0       _jwe_iobe                  00413cc0 f   fj90i:jwe_iedo.obj
 0001:00010f70       _jwe_ioos                  00413f70 f   fj90i:jwe_iedo.obj
 0001:00011320       _jwe_iooe                  00414320 f   fj90i:jwe_iedo.obj
 0001:00011530       _jwe_ione                  00414530 f   fj90i:jwe_iedo.obj
 0001:0000e160       _jwe_imch                  00411160 f   fj90i:jwe_ifmt.obj
 0001:0000e2b0       _jwe_imgp                  004112b0 f   fj90i:jwe_ifmt.obj
 0001:0000e310       _jwe_impp                  00411310 f   fj90i:jwe_ifmt.obj
 0001:0000e3a0       _jwe_ifme                  004113a0 f   fj90i:jwe_ifmt.obj
 0001:0000ad60       _jwe_isip                  0040dd60 f   fj90i:jwe_ifct.obj
 0001:0000cb20       _jwe_ifrp                  0040fb20 f   fj90i:jwe_ifct.obj
 0001:0000cb60       _jwe_ifer                  0040fb60 f   fj90i:jwe_ifct.obj
 0001:0000cc50       _jwe_ifcg                  0040fc50 f   fj90i:jwe_ifct.obj
 0001:0000cd30       _jwe_iftc                  0040fd30 f   fj90i:jwe_ifct.obj
 0001:0000a3e0       _jwe_errproc               0040d3e0 f   fj90i:jwe_iflc.obj
 0001:000086f0       _jwe_xsch                  0040b6f0 f   fj90i:jwe_xopt.obj
 0001:00007e90       _jwe_iser                  0040ae90 f   fj90i:jwe_isfm.obj
 0001:00005320       _jwe_iop0                  00408320 f   fj90i:jwe_iocf.obj
 0001:000057f0       _jwe_iocl                  004087f0 f   fj90i:jwe_iocf.obj
 0001:00005a10       _jwe_iop1                  00408a10 f   fj90i:jwe_iocf.obj
 0001:000064e0       _jwe_iop2                  004094e0 f   fj90i:jwe_iocf.obj
 0001:000066b0       _jwe_iop3                  004096b0 f   fj90i:jwe_iocf.obj
 0001:00006720       _jwe_iop5                  00409720 f   fj90i:jwe_iocf.obj
 0001:000067d0       _jwe_iop4                  004097d0 f   fj90i:jwe_iocf.obj
 0001:00006890       _jwe_iop6                  00409890 f   fj90i:jwe_iocf.obj
 0001:00006910       _jwe_iop7                  00409910 f   fj90i:jwe_iocf.obj
 0001:00006b10       _jwe_iopc                  00409b10 f   fj90i:jwe_iocf.obj
 0001:00006be0       _jwe_iopw                  00409be0 f   fj90i:jwe_iocf.obj
 0001:00006e60       _jwe_iope                  00409e60 f   fj90i:jwe_iocf.obj
 0001:00007080       _jwe_iops                  0040a080 f   fj90i:jwe_iocf.obj
 0001:00007130       _jwe_iop8                  0040a130 f   fj90i:jwe_iocf.obj
 0001:00047e6e       _xtoa                      0044ae6e f   libc:xtoa.obj
 0001:00047f40       _x64toa@20                 0044af40 f   libc:xtoa.obj
 0001:00047ccd       __stripquote               0044accd f   libc:tempnam.obj
 0001:00047361       _output                    0044a361 f   libc:cprintf.obj
 0001:00047a8e       _write_char                0044aa8e f   libc:cprintf.obj
 0001:00047aa8       _write_multi_char          0044aaa8 f   libc:cprintf.obj
 0001:00047ad4       _write_string              0044aad4 f   libc:cprintf.obj
 0001:00047b07       _get_int_arg               0044ab07 f   libc:cprintf.obj
 0001:00047b14       _get_int64_arg             0044ab14 f   libc:cprintf.obj
 0001:00047b24       _get_short_arg             0044ab24 f   libc:cprintf.obj
 0001:00045da9       __get_fname                00448da9 f   libc:fpexcept.obj
 0001:000434a4       label0                     004464a4 f   libc:adj_fdiv.obj
 0001:000434aa       label1                     004464aa f   libc:adj_fdiv.obj
 0001:000434af       label2                     004464af f   libc:adj_fdiv.obj
 0001:000434b5       label3                     004464b5 f   libc:adj_fdiv.obj
 0001:000434ba       label4                     004464ba f   libc:adj_fdiv.obj
 0001:000434c0       label5                     004464c0 f   libc:adj_fdiv.obj
 0001:000434c6       label6                     004464c6 f   libc:adj_fdiv.obj
 0001:000434cc       label7                     004464cc f   libc:adj_fdiv.obj
 0001:000434d2       label8                     004464d2 f   libc:adj_fdiv.obj
 0001:000434ee       label9                     004464ee f   libc:adj_fdiv.obj
 0001:000434f3       label10                    004464f3 f   libc:adj_fdiv.obj
 0001:00043509       label11                    00446509 f   libc:adj_fdiv.obj
 0001:0004350e       label12                    0044650e f   libc:adj_fdiv.obj
 0001:0004352a       label13                    0044652a f   libc:adj_fdiv.obj
 0001:0004353a       label14                    0044653a f   libc:adj_fdiv.obj
 0001:0004354e       label15                    0044654e f   libc:adj_fdiv.obj
 0001:0004355e       label16                    0044655e f   libc:adj_fdiv.obj
 0001:0004357e       label17                    0044657e f   libc:adj_fdiv.obj
 0001:00043583       label18                    00446583 f   libc:adj_fdiv.obj
 0001:0004359d       label19                    0044659d f   libc:adj_fdiv.obj
 0001:000435a2       label20                    004465a2 f   libc:adj_fdiv.obj
 0001:000435c2       label21                    004465c2 f   libc:adj_fdiv.obj
 0001:000435d6       label22                    004465d6 f   libc:adj_fdiv.obj
 0001:000435ee       label23                    004465ee f   libc:adj_fdiv.obj
 0001:00043602       label24                    00446602 f   libc:adj_fdiv.obj
 0001:00043622       label25                    00446622 f   libc:adj_fdiv.obj
 0001:00043627       label26                    00446627 f   libc:adj_fdiv.obj
 0001:00043641       label27                    00446641 f   libc:adj_fdiv.obj
 0001:00043646       label28                    00446646 f   libc:adj_fdiv.obj
 0001:00043666       label29                    00446666 f   libc:adj_fdiv.obj
 0001:0004367a       label30                    0044667a f   libc:adj_fdiv.obj
 0001:00043692       label31                    00446692 f   libc:adj_fdiv.obj
 0001:000436a6       label32                    004466a6 f   libc:adj_fdiv.obj
 0001:000436c6       label33                    004466c6 f   libc:adj_fdiv.obj
 0001:000436cb       label34                    004466cb f   libc:adj_fdiv.obj
 0001:000436e5       label35                    004466e5 f   libc:adj_fdiv.obj
 0001:000436ea       label36                    004466ea f   libc:adj_fdiv.obj
 0001:0004370a       label37                    0044670a f   libc:adj_fdiv.obj
 0001:0004371e       label38                    0044671e f   libc:adj_fdiv.obj
 0001:00043736       label39                    00446736 f   libc:adj_fdiv.obj
 0001:0004374a       label40                    0044674a f   libc:adj_fdiv.obj
 0001:0004376a       label41                    0044676a f   libc:adj_fdiv.obj
 0001:0004376f       label42                    0044676f f   libc:adj_fdiv.obj
 0001:00043789       label43                    00446789 f   libc:adj_fdiv.obj
 0001:0004378e       label44                    0044678e f   libc:adj_fdiv.obj
 0001:000437ae       label45                    004467ae f   libc:adj_fdiv.obj
 0001:000437c2       label46                    004467c2 f   libc:adj_fdiv.obj
 0001:000437da       label47                    004467da f   libc:adj_fdiv.obj
 0001:000437ee       label48                    004467ee f   libc:adj_fdiv.obj
 0001:0004380e       label49                    0044680e f   libc:adj_fdiv.obj
 0001:00043813       label50                    00446813 f   libc:adj_fdiv.obj
 0001:0004382d       label51                    0044682d f   libc:adj_fdiv.obj
 0001:00043832       label52                    00446832 f   libc:adj_fdiv.obj
 0001:00043852       label53                    00446852 f   libc:adj_fdiv.obj
 0001:00043866       label54                    00446866 f   libc:adj_fdiv.obj
 0001:0004387e       label55                    0044687e f   libc:adj_fdiv.obj
 0001:00043892       label56                    00446892 f   libc:adj_fdiv.obj
 0001:000438b2       label57                    004468b2 f   libc:adj_fdiv.obj
 0001:000438b7       label58                    004468b7 f   libc:adj_fdiv.obj
 0001:000438d1       label59                    004468d1 f   libc:adj_fdiv.obj
 0001:000438d6       label60                    004468d6 f   libc:adj_fdiv.obj
 0001:000438f6       label61                    004468f6 f   libc:adj_fdiv.obj
 0001:0004390a       label62                    0044690a f   libc:adj_fdiv.obj
 0001:00043922       label63                    00446922 f   libc:adj_fdiv.obj
 0001:000432b4       _findenv                   004462b4 f   libc:setenv.obj
 0001:0004330c       _copy_environ              0044630c f   libc:setenv.obj
 0001:00043102       _strncnt                   00446102 f   libc:a_cmp.obj
 0001:00042a8e       _cvtdate                   00445a8e f   libc:tzset.obj
 0001:000419e0       _getSystemCP               004449e0 f   libc:mbctype.obj
 0001:00041a2a       _CPtoLCID                  00444a2a f   libc:mbctype.obj
 0001:00041a5d       _setSBCS                   00444a5d f   libc:mbctype.obj
 0001:00041a86       _setSBUpLow                00444a86 f   libc:mbctype.obj
 0001:0003f6a0       LeadUp1                    004426a0 f   libc:memcpy.obj
 0001:0003f6cc       LeadUp2                    004426cc f   libc:memcpy.obj
 0001:0003f6f0       LeadUp3                    004426f0 f   libc:memcpy.obj
 0001:0003f76f       UnwindUp0                  0044276f f   libc:memcpy.obj
 0001:0003f75c       UnwindUp1                  0044275c f   libc:memcpy.obj
 0001:0003f754       UnwindUp2                  00442754 f   libc:memcpy.obj
 0001:0003f74c       UnwindUp3                  0044274c f   libc:memcpy.obj
 0001:0003f744       UnwindUp4                  00442744 f   libc:memcpy.obj
 0001:0003f73c       UnwindUp5                  0044273c f   libc:memcpy.obj
 0001:0003f734       UnwindUp6                  00442734 f   libc:memcpy.obj
 0001:0003f72c       UnwindUp7                  0044272c f   libc:memcpy.obj
 0001:0003f788       TrailUp0                   00442788 f   libc:memcpy.obj
 0001:0003f790       TrailUp1                   00442790 f   libc:memcpy.obj
 0001:0003f79c       TrailUp2                   0044279c f   libc:memcpy.obj
 0001:0003f7b0       TrailUp3                   004427b0 f   libc:memcpy.obj
 0001:0003f828       LeadDown1                  00442828 f   libc:memcpy.obj
 0001:0003f848       LeadDown2                  00442848 f   libc:memcpy.obj
 0001:0003f870       LeadDown3                  00442870 f   libc:memcpy.obj
 0001:0003f8c4       UnwindDown7                004428c4 f   libc:memcpy.obj
 0001:0003f8cc       UnwindDown6                004428cc f   libc:memcpy.obj
 0001:0003f8d4       UnwindDown5                004428d4 f   libc:memcpy.obj
 0001:0003f8dc       UnwindDown4                004428dc f   libc:memcpy.obj
 0001:0003f8e4       UnwindDown3                004428e4 f   libc:memcpy.obj
 0001:0003f8ec       UnwindDown2                004428ec f   libc:memcpy.obj
 0001:0003f8f4       UnwindDown1                004428f4 f   libc:memcpy.obj
 0001:0003f907       UnwindDown0                00442907 f   libc:memcpy.obj
 0001:0003f920       TrailDown0                 00442920 f   libc:memcpy.obj
 0001:0003f928       TrailDown1                 00442928 f   libc:memcpy.obj
 0001:0003f938       TrailDown2                 00442938 f   libc:memcpy.obj
 0001:0003f94c       TrailDown3                 0044294c f   libc:memcpy.obj
 0001:0003f483       _ctrlevent_capture@4       00442483 f   libc:winsig.obj
 0001:0003f5e8       _siglookup                 004425e8 f   libc:winsig.obj
 0001:0003e961       fFEXP                      00441961 f   libc:87tran.obj
 0001:0003eaa1       _rtforexpinf               00441aa1 f   libc:87tran.obj
 0001:0003e84a       _strncnt                   0044184a f   libc:a_map.obj
 0001:0003e367       _write_char                00441367 f   libc:output.obj
 0001:0003e39c       _write_multi_char          0044139c f   libc:output.obj
 0001:0003e3cd       _write_string              004413cd f   libc:output.obj
 0001:0003e405       _get_int_arg               00441405 f   libc:output.obj
 0001:0003e412       _get_int64_arg             00441412 f   libc:output.obj
 0001:0003e422       _get_short_arg             00441422 f   libc:output.obj
 0001:0003d56c       _IsRootUNCName             0044056c f   libc:stat.obj
 0001:0003cfd1       __cftoe_g                  0043ffd1 f   libc:cvt.obj
 0001:0003cff8       __cftof_g                  0043fff8 f   libc:cvt.obj
 0001:0003d06c       __shift                    0044006c f   libc:cvt.obj
 0001:0003c868       _gu_return                 0043f868 f   libc:exsup.obj
 0001:0003c870       __unwind_handler           0043f870 f   libc:exsup.obj
 0001:0003c121       _parse_cmdline             0043f121 f   libc:stdargv.obj
 0001:0003bf8c       _xcptlookup                0043ef8c f   libc:winxfltr.obj
 0001:0003b1fa       _strtoxl                   0043e1fa f   libc:strtol.obj
 0001:0003a4ad       _doexit                    0043d4ad f   libc:crt0dat.obj
 0001:0003a546       __initterm                 0043d546 f   libc:crt0dat.obj
 0001:00039e70       LeadUp1                    0043ce70 f   libc:memmove.obj
 0001:00039e9c       LeadUp2                    0043ce9c f   libc:memmove.obj
 0001:00039ec0       LeadUp3                    0043cec0 f   libc:memmove.obj
 0001:00039f3f       UnwindUp0                  0043cf3f f   libc:memmove.obj
 0001:00039f2c       UnwindUp1                  0043cf2c f   libc:memmove.obj
 0001:00039f24       UnwindUp2                  0043cf24 f   libc:memmove.obj
 0001:00039f1c       UnwindUp3                  0043cf1c f   libc:memmove.obj
 0001:00039f14       UnwindUp4                  0043cf14 f   libc:memmove.obj
 0001:00039f0c       UnwindUp5                  0043cf0c f   libc:memmove.obj
 0001:00039f04       UnwindUp6                  0043cf04 f   libc:memmove.obj
 0001:00039efc       UnwindUp7                  0043cefc f   libc:memmove.obj
 0001:00039f58       TrailUp0                   0043cf58 f   libc:memmove.obj
 0001:00039f60       TrailUp1                   0043cf60 f   libc:memmove.obj
 0001:00039f6c       TrailUp2                   0043cf6c f   libc:memmove.obj
 0001:00039f80       TrailUp3                   0043cf80 f   libc:memmove.obj
 0001:00039ff8       LeadDown1                  0043cff8 f   libc:memmove.obj
 0001:0003a018       LeadDown2                  0043d018 f   libc:memmove.obj
 0001:0003a040       LeadDown3                  0043d040 f   libc:memmove.obj
 0001:0003a094       UnwindDown7                0043d094 f   libc:memmove.obj
 0001:0003a09c       UnwindDown6                0043d09c f   libc:memmove.obj
 0001:0003a0a4       UnwindDown5                0043d0a4 f   libc:memmove.obj
 0001:0003a0ac       UnwindDown4                0043d0ac f   libc:memmove.obj
 0001:0003a0b4       UnwindDown3                0043d0b4 f   libc:memmove.obj
 0001:0003a0bc       UnwindDown2                0043d0bc f   libc:memmove.obj
 0001:0003a0c4       UnwindDown1                0043d0c4 f   libc:memmove.obj
 0001:0003a0d7       UnwindDown0                0043d0d7 f   libc:memmove.obj
 0001:0003a0f0       TrailDown0                 0043d0f0 f   libc:memmove.obj
 0001:0003a0f8       TrailDown1                 0043d0f8 f   libc:memmove.obj
 0001:0003a108       TrailDown2                 0043d108 f   libc:memmove.obj
 0001:0003a11c       TrailDown3                 0043d11c f   libc:memmove.obj
 0001:00039abb       _flsall                    0043cabb f   libc:fflush.obj
 0001:000398cb       __abstract_cw              0043c8cb f   libc:ieee87.obj
 0001:0003995d       __hw_cw                    0043c95d f   libc:ieee87.obj
 0001:000399e6       __abstract_sw              0043c9e6 f   libc:ieee87.obj
 0001:000397bf       _IsRootUNCName             0043c7bf f   libc:stati64.obj
 0001:000393b3       _fast_error_exit           0043c3b3 f   libc:crt0.obj
